[debug] [2025-09-05T19:27:16.387Z] ----------------------------------------------------------------------
[debug] [2025-09-05T19:27:16.388Z] Command:       /opt/homebrew/Cellar/node@20/20.19.4/bin/node /opt/homebrew/bin/firebase deploy
[debug] [2025-09-05T19:27:16.388Z] CLI Version:   14.12.1
[debug] [2025-09-05T19:27:16.388Z] Platform:      darwin
[debug] [2025-09-05T19:27:16.388Z] Node Version:  v20.19.4
[debug] [2025-09-05T19:27:16.389Z] Time:          Fri Sep 05 2025 21:27:16 GMT+0200 (Central European Summer Time)
[debug] [2025-09-05T19:27:16.389Z] ----------------------------------------------------------------------
[debug] 
[debug] [2025-09-05T19:27:16.479Z] > command requires scopes: ["email","openid","https://www.googleapis.com/auth/cloudplatformprojects.readonly","https://www.googleapis.com/auth/firebase","https://www.googleapis.com/auth/cloud-platform"]
[debug] [2025-09-05T19:27:16.479Z] > authorizing via signed-in user (joshjude6@gmail.com)
[debug] [2025-09-05T19:27:16.479Z] [iam] checking project blue-trip for permissions ["firebase.projects.get","firebasehosting.sites.update"]
[debug] [2025-09-05T19:27:16.479Z] Checked if tokens are valid: true, expires at: 1757102594543
[debug] [2025-09-05T19:27:16.479Z] Checked if tokens are valid: true, expires at: 1757102594543
[debug] [2025-09-05T19:27:16.480Z] >>> [apiv2][query] POST https://cloudresourcemanager.googleapis.com/v1/projects/blue-trip:testIamPermissions [none]
[debug] [2025-09-05T19:27:16.480Z] >>> [apiv2][(partial)header] POST https://cloudresourcemanager.googleapis.com/v1/projects/blue-trip:testIamPermissions x-goog-quota-user=projects/blue-trip
[debug] [2025-09-05T19:27:16.480Z] >>> [apiv2][body] POST https://cloudresourcemanager.googleapis.com/v1/projects/blue-trip:testIamPermissions {"permissions":["firebase.projects.get","firebasehosting.sites.update"]}
[debug] [2025-09-05T19:27:17.290Z] <<< [apiv2][status] POST https://cloudresourcemanager.googleapis.com/v1/projects/blue-trip:testIamPermissions 200
[debug] [2025-09-05T19:27:17.291Z] <<< [apiv2][body] POST https://cloudresourcemanager.googleapis.com/v1/projects/blue-trip:testIamPermissions {"permissions":["firebase.projects.get","firebasehosting.sites.update"]}
[debug] [2025-09-05T19:27:17.292Z] Checked if tokens are valid: true, expires at: 1757102594543
[debug] [2025-09-05T19:27:17.292Z] Checked if tokens are valid: true, expires at: 1757102594543
[debug] [2025-09-05T19:27:17.292Z] >>> [apiv2][query] GET https://firebase.googleapis.com/v1beta1/projects/blue-trip [none]
[debug] [2025-09-05T19:27:17.768Z] <<< [apiv2][status] GET https://firebase.googleapis.com/v1beta1/projects/blue-trip 200
[debug] [2025-09-05T19:27:17.768Z] <<< [apiv2][body] GET https://firebase.googleapis.com/v1beta1/projects/blue-trip {"projectId":"blue-trip","projectNumber":"546185706998","displayName":"blue-trip","name":"projects/blue-trip","resources":{"hostingSite":"blue-trip"},"state":"ACTIVE","etag":"1_e0de511d-fd23-432e-b432-be4a900aad95"}
[debug] [2025-09-05T19:27:18.371Z] Checked if tokens are valid: true, expires at: 1757102594543
[debug] [2025-09-05T19:27:18.372Z] Checked if tokens are valid: true, expires at: 1757102594543
[debug] [2025-09-05T19:27:18.372Z] >>> [apiv2][query] GET https://firebasehosting.googleapis.com/v1beta1/projects/blue-trip/sites pageToken=&pageSize=10
[debug] [2025-09-05T19:27:19.371Z] <<< [apiv2][status] GET https://firebasehosting.googleapis.com/v1beta1/projects/blue-trip/sites 200
[debug] [2025-09-05T19:27:19.372Z] <<< [apiv2][body] GET https://firebasehosting.googleapis.com/v1beta1/projects/blue-trip/sites {"sites":[{"name":"projects/blue-trip/sites/blue-trip","defaultUrl":"https://blue-trip.web.app","type":"DEFAULT_SITE"}]}
[debug] [2025-09-05T19:27:19.372Z] Checked if tokens are valid: true, expires at: 1757102594543
[debug] [2025-09-05T19:27:19.372Z] Checked if tokens are valid: true, expires at: 1757102594543
[debug] [2025-09-05T19:27:19.373Z] >>> [apiv2][query] GET https://firebasehosting.googleapis.com/v1beta1/projects/blue-trip/sites 
[debug] [2025-09-05T19:27:19.653Z] <<< [apiv2][status] GET https://firebasehosting.googleapis.com/v1beta1/projects/blue-trip/sites 200
[debug] [2025-09-05T19:27:19.653Z] <<< [apiv2][body] GET https://firebasehosting.googleapis.com/v1beta1/projects/blue-trip/sites {"sites":[{"name":"projects/blue-trip/sites/blue-trip","defaultUrl":"https://blue-trip.web.app","type":"DEFAULT_SITE"}]}
[debug] [2025-09-05T19:27:19.653Z] Checked if tokens are valid: true, expires at: 1757102594543
[debug] [2025-09-05T19:27:19.654Z] Checked if tokens are valid: true, expires at: 1757102594543
[debug] [2025-09-05T19:27:19.654Z] >>> [apiv2][query] GET https://firebase.googleapis.com/v1beta1/projects/blue-trip/webApps/-/config [none]
[debug] [2025-09-05T19:27:20.428Z] <<< [apiv2][status] GET https://firebase.googleapis.com/v1beta1/projects/blue-trip/webApps/-/config 200
[debug] [2025-09-05T19:27:20.428Z] <<< [apiv2][body] GET https://firebase.googleapis.com/v1beta1/projects/blue-trip/webApps/-/config {"projectId":"blue-trip","storageBucket":"blue-trip.firebasestorage.app","apiKey":"AIzaSyAdNX5w10w62U409INArUAzMEUk1ElHNO8","authDomain":"blue-trip.firebaseapp.com","messagingSenderId":"546185706998"}
[info] 
   Thank you for trying our experimental support for SvelteKit on Firebase Hosting.
   While this integration is maintained by Googlers it is not a supported Firebase product.
   Issues filed on GitHub will be addressed on a best-effort basis by maintainers and other community members.

   Documentation: https://firebase.google.com/docs/hosting/frameworks/frameworks-overview
   File a bug: https://github.com/firebase/firebase-tools/issues/new?template=bug_report.md
   Submit a feature request: https://github.com/firebase/firebase-tools/issues/new?template=feature_request.md

   We'd love to learn from you. Express your interest in helping us shape the future of Firebase Hosting: https://goo.gle/41enW5X

[debug] [2025-09-05T19:27:33.493Z] [web frameworks] effective firebase.json:  {
  "hosting": [
    {
      "source": ".",
      "ignore": [
        "firebase.json",
        "**/.*",
        "**/node_modules/**"
      ],
      "frameworksBackend": {
        "region": "europe-west1"
      },
      "site": "blue-trip",
      "rewrites": [
        {
          "source": "**",
          "function": {
            "functionId": "ssrbluetrip",
            "region": "europe-west1",
            "pinTag": true
          }
        }
      ],
      "redirects": [],
      "headers": [
        {
          "source": "**/*.[jt]s",
          "headers": [
            {
              "key": "Set-Cookie",
              "value": "__FIREBASE_DEFAULTS__=eyJjb25maWciOnsicHJvamVjdElkIjoiYmx1ZS10cmlwIiwic3RvcmFnZUJ1Y2tldCI6ImJsdWUtdHJpcC5maXJlYmFzZXN0b3JhZ2UuYXBwIiwiYXBpS2V5IjoiQUl6YVN5QWROWDV3MTB3NjJVNDA5SU5BclVBek1FVWsxRWxITk84IiwiYXV0aERvbWFpbiI6ImJsdWUtdHJpcC5maXJlYmFzZWFwcC5jb20iLCJtZXNzYWdpbmdTZW5kZXJJZCI6IjU0NjE4NTcwNjk5OCJ9LCJfYXV0aFRva2VuU3luY1VSTCI6Ii9fX3Nlc3Npb24ifQ; SameSite=Strict; Expires=2027-08-01T06:07:33.493Z; Path=/;"
            }
          ]
        }
      ],
      "cleanUrls": true,
      "public": ".firebase/blue-trip/hosting",
      "webFramework": "svelekit_ssr"
    }
  ],
  "functions": [
    {
      "source": ".firebase/blue-trip/functions",
      "codebase": "firebase-frameworks-blue-trip"
    }
  ]
}
[debug] [2025-09-05T19:27:33.493Z] > command requires scopes: ["email","openid","https://www.googleapis.com/auth/cloudplatformprojects.readonly","https://www.googleapis.com/auth/firebase","https://www.googleapis.com/auth/cloud-platform"]
[debug] [2025-09-05T19:27:33.493Z] > authorizing via signed-in user (joshjude6@gmail.com)
[debug] [2025-09-05T19:27:33.493Z] [iam] checking project blue-trip for permissions ["cloudfunctions.functions.create","cloudfunctions.functions.delete","cloudfunctions.functions.get","cloudfunctions.functions.list","cloudfunctions.functions.update","cloudfunctions.operations.get","firebase.projects.get"]
[debug] [2025-09-05T19:27:33.493Z] Checked if tokens are valid: true, expires at: 1757102594543
[debug] [2025-09-05T19:27:33.493Z] Checked if tokens are valid: true, expires at: 1757102594543
[debug] [2025-09-05T19:27:33.493Z] >>> [apiv2][query] POST https://cloudresourcemanager.googleapis.com/v1/projects/blue-trip:testIamPermissions [none]
[debug] [2025-09-05T19:27:33.493Z] >>> [apiv2][(partial)header] POST https://cloudresourcemanager.googleapis.com/v1/projects/blue-trip:testIamPermissions x-goog-quota-user=projects/blue-trip
[debug] [2025-09-05T19:27:33.493Z] >>> [apiv2][body] POST https://cloudresourcemanager.googleapis.com/v1/projects/blue-trip:testIamPermissions {"permissions":["cloudfunctions.functions.create","cloudfunctions.functions.delete","cloudfunctions.functions.get","cloudfunctions.functions.list","cloudfunctions.functions.update","cloudfunctions.operations.get","firebase.projects.get"]}
[debug] [2025-09-05T19:27:34.245Z] <<< [apiv2][status] POST https://cloudresourcemanager.googleapis.com/v1/projects/blue-trip:testIamPermissions 200
[debug] [2025-09-05T19:27:34.245Z] <<< [apiv2][body] POST https://cloudresourcemanager.googleapis.com/v1/projects/blue-trip:testIamPermissions {"permissions":["cloudfunctions.functions.create","cloudfunctions.functions.delete","cloudfunctions.functions.get","cloudfunctions.functions.list","cloudfunctions.functions.update","cloudfunctions.operations.get","firebase.projects.get"]}
[info] 
[info] === Deploying to 'blue-trip'...
[info] 
[info] i  deploying functions, hosting 
[debug] [2025-09-05T19:27:34.247Z] Checked if tokens are valid: true, expires at: 1757102594543
[debug] [2025-09-05T19:27:34.247Z] Checked if tokens are valid: true, expires at: 1757102594543
[debug] [2025-09-05T19:27:34.247Z] >>> [apiv2][query] GET https://cloudresourcemanager.googleapis.com/v1/projects/blue-trip [none]
[debug] [2025-09-05T19:27:34.450Z] <<< [apiv2][status] GET https://cloudresourcemanager.googleapis.com/v1/projects/blue-trip 200
[debug] [2025-09-05T19:27:34.450Z] <<< [apiv2][body] GET https://cloudresourcemanager.googleapis.com/v1/projects/blue-trip {"projectNumber":"546185706998","projectId":"blue-trip","lifecycleState":"ACTIVE","name":"blue-trip","labels":{"firebase":"enabled","firebase-core":"disabled"},"createTime":"2025-06-03T13:06:05.600265Z"}
[info] i  functions: preparing codebase firebase-frameworks-blue-trip for deployment 
[info] i  functions: ensuring required API cloudfunctions.googleapis.com is enabled... 
[info] i  functions: ensuring required API cloudbuild.googleapis.com is enabled... 
[info] i  artifactregistry: ensuring required API artifactregistry.googleapis.com is enabled... 
[debug] [2025-09-05T19:27:34.453Z] Checked if tokens are valid: true, expires at: 1757102594543
[debug] [2025-09-05T19:27:34.453Z] Checked if tokens are valid: true, expires at: 1757102594543
[debug] [2025-09-05T19:27:34.453Z] >>> [apiv2][query] GET https://firebase.googleapis.com/v1beta1/projects/blue-trip/adminSdkConfig [none]
[debug] [2025-09-05T19:27:35.118Z] <<< [apiv2][status] GET https://firebase.googleapis.com/v1beta1/projects/blue-trip/adminSdkConfig 200
[debug] [2025-09-05T19:27:35.118Z] <<< [apiv2][body] GET https://firebase.googleapis.com/v1beta1/projects/blue-trip/adminSdkConfig {"projectId":"blue-trip","storageBucket":"blue-trip.firebasestorage.app"}
[debug] [2025-09-05T19:27:35.118Z] Checked if tokens are valid: true, expires at: 1757102594543
[debug] [2025-09-05T19:27:35.118Z] Checked if tokens are valid: true, expires at: 1757102594543
[debug] [2025-09-05T19:27:35.118Z] >>> [apiv2][query] GET https://runtimeconfig.googleapis.com/v1beta1/projects/blue-trip/configs [none]
[debug] [2025-09-05T19:27:35.388Z] <<< [apiv2][status] GET https://runtimeconfig.googleapis.com/v1beta1/projects/blue-trip/configs 200
[debug] [2025-09-05T19:27:35.388Z] <<< [apiv2][body] GET https://runtimeconfig.googleapis.com/v1beta1/projects/blue-trip/configs {}
[debug] [2025-09-05T19:27:35.390Z] Validating nodejs source
[debug] [2025-09-05T19:27:35.695Z] > [functions] package.json contents: {
  "name": "blue-trip",
  "private": true,
  "version": "0.0.1",
  "type": "module",
  "dependencies": {
    "@tailwindcss/postcss": "^4.1.8",
    "@types/leaflet": "^1.9.20",
    "firebase": "^11.8.1",
    "tailwindcss": "^4.1.8",
    "@sveltejs/kit": "^2.16.0",
    "firebase-frameworks": "^0.11.0",
    "firebase-functions": "^6.0.1",
    "firebase-admin": "^11.11.1"
  },
  "engines": {
    "node": "20"
  },
  "main": "server.js"
}
[debug] [2025-09-05T19:27:35.695Z] Building nodejs source
[info] i  functions: Loading and analyzing source code for codebase firebase-frameworks-blue-trip to determine what to deploy 
[debug] [2025-09-05T19:27:35.696Z] Could not find functions.yaml. Must use http discovery
[debug] [2025-09-05T19:27:35.700Z] Found firebase-functions binary at '/Users/joshjude/Documents/Git/blue-trip/.firebase/blue-trip/functions/node_modules/.bin/firebase-functions'
[info] Serving at port 8842

[debug] [2025-09-05T19:27:35.907Z] Got response from /__/functions.yaml {"endpoints":{"ssrbluetrip":{"availableMemoryMb":null,"timeoutSeconds":null,"minInstances":null,"maxInstances":null,"ingressSettings":null,"concurrency":null,"serviceAccountEmail":null,"vpc":null,"platform":"gcfv2","region":["europe-west1"],"labels":{},"httpsTrigger":{},"entryPoint":"ssrbluetrip"}},"specVersion":"v1alpha1","requiredAPIs":[],"extensions":{}}
[info] i  extensions: ensuring required API firebaseextensions.googleapis.com is enabled... 
[debug] [2025-09-05T19:27:39.917Z] > command requires scopes: ["email","openid","https://www.googleapis.com/auth/cloudplatformprojects.readonly","https://www.googleapis.com/auth/firebase","https://www.googleapis.com/auth/cloud-platform"]
[debug] [2025-09-05T19:27:39.917Z] > authorizing via signed-in user (joshjude6@gmail.com)
[debug] [2025-09-05T19:27:39.918Z] [iam] checking project blue-trip for permissions ["firebase.projects.get","firebaseextensions.instances.list"]
[debug] [2025-09-05T19:27:39.918Z] Checked if tokens are valid: true, expires at: 1757102594543
[debug] [2025-09-05T19:27:39.918Z] Checked if tokens are valid: true, expires at: 1757102594543
[debug] [2025-09-05T19:27:39.918Z] >>> [apiv2][query] POST https://cloudresourcemanager.googleapis.com/v1/projects/blue-trip:testIamPermissions [none]
[debug] [2025-09-05T19:27:39.918Z] >>> [apiv2][(partial)header] POST https://cloudresourcemanager.googleapis.com/v1/projects/blue-trip:testIamPermissions x-goog-quota-user=projects/blue-trip
[debug] [2025-09-05T19:27:39.918Z] >>> [apiv2][body] POST https://cloudresourcemanager.googleapis.com/v1/projects/blue-trip:testIamPermissions {"permissions":["firebase.projects.get","firebaseextensions.instances.list"]}
[debug] [2025-09-05T19:27:40.133Z] <<< [apiv2][status] POST https://cloudresourcemanager.googleapis.com/v1/projects/blue-trip:testIamPermissions 200
[debug] [2025-09-05T19:27:40.134Z] <<< [apiv2][body] POST https://cloudresourcemanager.googleapis.com/v1/projects/blue-trip:testIamPermissions {"permissions":["firebase.projects.get","firebaseextensions.instances.list"]}
[debug] [2025-09-05T19:27:40.134Z] Checked if tokens are valid: true, expires at: 1757102594543
[debug] [2025-09-05T19:27:40.134Z] Checked if tokens are valid: true, expires at: 1757102594543
[debug] [2025-09-05T19:27:40.135Z] >>> [apiv2][query] GET https://firebaseextensions.googleapis.com/v1beta/projects/blue-trip/instances pageSize=100&pageToken=
[debug] [2025-09-05T19:27:41.057Z] <<< [apiv2][status] GET https://firebaseextensions.googleapis.com/v1beta/projects/blue-trip/instances 200
[debug] [2025-09-05T19:27:41.058Z] <<< [apiv2][body] GET https://firebaseextensions.googleapis.com/v1beta/projects/blue-trip/instances {}
[info] i  functions: Loaded environment variables from .env. 
[info] i  functions: preparing .firebase/blue-trip/functions directory for uploading... 
[info] i  functions: packaged /Users/joshjude/Documents/Git/blue-trip/.firebase/blue-trip/functions (153.66 KB) for uploading 
[debug] [2025-09-05T19:27:41.118Z] Checked if tokens are valid: true, expires at: 1757102594543
[debug] [2025-09-05T19:27:41.118Z] Checked if tokens are valid: true, expires at: 1757102594543
[debug] [2025-09-05T19:27:41.118Z] >>> [apiv2][query] GET https://cloudfunctions.googleapis.com/v1/projects/blue-trip/locations/-/functions [none]
[debug] [2025-09-05T19:27:41.877Z] <<< [apiv2][status] GET https://cloudfunctions.googleapis.com/v1/projects/blue-trip/locations/-/functions 200
[debug] [2025-09-05T19:27:41.877Z] <<< [apiv2][body] GET https://cloudfunctions.googleapis.com/v1/projects/blue-trip/locations/-/functions {}
[debug] [2025-09-05T19:27:41.877Z] Checked if tokens are valid: true, expires at: 1757102594543
[debug] [2025-09-05T19:27:41.878Z] Checked if tokens are valid: true, expires at: 1757102594543
[debug] [2025-09-05T19:27:41.878Z] >>> [apiv2][query] GET https://cloudfunctions.googleapis.com/v2/projects/blue-trip/locations/-/functions filter=environment%3D%22GEN_2%22
[debug] [2025-09-05T19:27:42.973Z] <<< [apiv2][status] GET https://cloudfunctions.googleapis.com/v2/projects/blue-trip/locations/-/functions 200
[debug] [2025-09-05T19:27:42.973Z] <<< [apiv2][body] GET https://cloudfunctions.googleapis.com/v2/projects/blue-trip/locations/-/functions {"functions":[{"name":"projects/blue-trip/locations/europe-west1/functions/ssrbluetrip","buildConfig":{"build":"projects/546185706998/locations/europe-west1/builds/5fa029a3-3f7e-47a5-a68b-19b411ea6164","runtime":"nodejs20","entryPoint":"ssrbluetrip","source":{"storageSource":{"bucket":"gcf-v2-sources-546185706998-europe-west1","object":"ssrbluetrip/function-source.zip","generation":"1757100117889654"}},"environmentVariables":{"GOOGLE_NODE_RUN_SCRIPTS":""},"dockerRepository":"projects/blue-trip/locations/europe-west1/repositories/gcf-artifacts","sourceProvenance":{"resolvedStorageSource":{"bucket":"gcf-v2-sources-546185706998-europe-west1","object":"ssrbluetrip/function-source.zip","generation":"1757100117889654"}},"dockerRegistry":"ARTIFACT_REGISTRY","serviceAccount":"projects/blue-trip/serviceAccounts/546185706998-compute@developer.gserviceaccount.com","automaticUpdatePolicy":{}},"serviceConfig":{"service":"projects/blue-trip/locations/europe-west1/services/ssrbluetrip","timeoutSeconds":60,"environmentVariables":{"__FIREBASE_FRAMEWORKS_ENTRY__":"sveltekit","__FIREBASE_DEFAULTS__":"{\"config\":{\"projectId\":\"blue-trip\",\"storageBucket\":\"blue-trip.firebasestorage.app\",\"apiKey\":\"AIzaSyAdNX5w10w62U409INArUAzMEUk1ElHNO8\",\"authDomain\":\"blue-trip.firebaseapp.com\",\"messagingSenderId\":\"546185706998\"},\"_authTokenSyncURL\":\"/__session\"}","FIREBASE_CONFIG":"{\"projectId\":\"blue-trip\",\"storageBucket\":\"blue-trip.firebasestorage.app\"}","GCLOUD_PROJECT":"blue-trip","EVENTARC_CLOUD_EVENT_SOURCE":"projects/blue-trip/locations/europe-west1/services/ssrbluetrip","FUNCTION_TARGET":"ssrbluetrip","LOG_EXECUTION_ID":"true"},"maxInstanceCount":20,"ingressSettings":"ALLOW_ALL","uri":"https://ssrbluetrip-mzn56km3pq-ew.a.run.app","serviceAccountEmail":"546185706998-compute@developer.gserviceaccount.com","availableMemory":"256Mi","allTrafficOnLatestRevision":true,"revision":"ssrbluetrip-00009-mum","maxInstanceRequestConcurrency":80,"availableCpu":"1"},"state":"ACTIVE","updateTime":"2025-09-05T19:23:11.281807567Z","labels":{"firebase-functions-hash":"0e8a8bb43f3e4ae53c53cddb1deaeea663d782d8","deployment-tool":"cli-firebase","firebase-functions-codebase":"firebase-frameworks-blue-trip"},"environment":"GEN_2","url":"https://europe-west1-blue-trip.cloudfunctions.net/ssrbluetrip","createTime":"2025-08-19T11:05:23.820227741Z","satisfiesPzi":true}]}
[info] i  functions: ensuring required API run.googleapis.com is enabled... 
[info] i  functions: ensuring required API eventarc.googleapis.com is enabled... 
[info] i  functions: ensuring required API pubsub.googleapis.com is enabled... 
[info] i  functions: ensuring required API storage.googleapis.com is enabled... 
[info] i  functions: generating the service identity for pubsub.googleapis.com... 
[debug] [2025-09-05T19:27:42.977Z] Checked if tokens are valid: true, expires at: 1757102594543
[debug] [2025-09-05T19:27:42.977Z] Checked if tokens are valid: true, expires at: 1757102594543
[info] i  functions: generating the service identity for eventarc.googleapis.com... 
[debug] [2025-09-05T19:27:42.977Z] Checked if tokens are valid: true, expires at: 1757102594543
[debug] [2025-09-05T19:27:42.977Z] Checked if tokens are valid: true, expires at: 1757102594543
[debug] [2025-09-05T19:27:42.977Z] >>> [apiv2][query] POST https://serviceusage.googleapis.com/v1beta1/projects/546185706998/services/pubsub.googleapis.com:generateServiceIdentity [none]
[debug] [2025-09-05T19:27:42.977Z] >>> [apiv2][(partial)header] POST https://serviceusage.googleapis.com/v1beta1/projects/546185706998/services/pubsub.googleapis.com:generateServiceIdentity x-goog-quota-user=projects/546185706998
[debug] [2025-09-05T19:27:42.977Z] >>> [apiv2][body] POST https://serviceusage.googleapis.com/v1beta1/projects/546185706998/services/pubsub.googleapis.com:generateServiceIdentity {}
[debug] [2025-09-05T19:27:42.979Z] >>> [apiv2][query] POST https://serviceusage.googleapis.com/v1beta1/projects/546185706998/services/eventarc.googleapis.com:generateServiceIdentity [none]
[debug] [2025-09-05T19:27:42.979Z] >>> [apiv2][(partial)header] POST https://serviceusage.googleapis.com/v1beta1/projects/546185706998/services/eventarc.googleapis.com:generateServiceIdentity x-goog-quota-user=projects/546185706998
[debug] [2025-09-05T19:27:42.979Z] >>> [apiv2][body] POST https://serviceusage.googleapis.com/v1beta1/projects/546185706998/services/eventarc.googleapis.com:generateServiceIdentity {}
[debug] [2025-09-05T19:27:43.382Z] <<< [apiv2][status] POST https://serviceusage.googleapis.com/v1beta1/projects/546185706998/services/pubsub.googleapis.com:generateServiceIdentity 200
[debug] [2025-09-05T19:27:43.383Z] <<< [apiv2][body] POST https://serviceusage.googleapis.com/v1beta1/projects/546185706998/services/pubsub.googleapis.com:generateServiceIdentity {"name":"operations/finished.DONE_OPERATION","done":true,"response":{"@type":"type.googleapis.com/google.api.serviceusage.v1beta1.ServiceIdentity","email":"service-546185706998@gcp-sa-pubsub.iam.gserviceaccount.com","uniqueId":"105072307295135456510"}}
[debug] [2025-09-05T19:27:43.922Z] <<< [apiv2][status] POST https://serviceusage.googleapis.com/v1beta1/projects/546185706998/services/eventarc.googleapis.com:generateServiceIdentity 200
[debug] [2025-09-05T19:27:43.923Z] <<< [apiv2][body] POST https://serviceusage.googleapis.com/v1beta1/projects/546185706998/services/eventarc.googleapis.com:generateServiceIdentity {"name":"operations/finished.DONE_OPERATION","done":true,"response":{"@type":"type.googleapis.com/google.api.serviceusage.v1beta1.ServiceIdentity","email":"service-546185706998@gcp-sa-eventarc.iam.gserviceaccount.com","uniqueId":"116671224897384880899"}}
[debug] [2025-09-05T19:27:43.927Z] Checked if tokens are valid: true, expires at: 1757102594543
[debug] [2025-09-05T19:27:43.927Z] Checked if tokens are valid: true, expires at: 1757102594543
[debug] [2025-09-05T19:27:43.928Z] >>> [apiv2][query] GET https://cloudresourcemanager.googleapis.com/v1/projects/blue-trip [none]
[debug] [2025-09-05T19:27:44.138Z] <<< [apiv2][status] GET https://cloudresourcemanager.googleapis.com/v1/projects/blue-trip 200
[debug] [2025-09-05T19:27:44.138Z] <<< [apiv2][body] GET https://cloudresourcemanager.googleapis.com/v1/projects/blue-trip {"projectNumber":"546185706998","projectId":"blue-trip","lifecycleState":"ACTIVE","name":"blue-trip","labels":{"firebase":"enabled","firebase-core":"disabled"},"createTime":"2025-06-03T13:06:05.600265Z"}
[debug] [2025-09-05T19:27:44.138Z] Checked if tokens are valid: true, expires at: 1757102594543
[debug] [2025-09-05T19:27:44.138Z] Checked if tokens are valid: true, expires at: 1757102594543
[debug] [2025-09-05T19:27:44.138Z] >>> [apiv2][query] GET https://compute.googleapis.com/compute/v1/projects/546185706998 [none]
[debug] [2025-09-05T19:27:44.359Z] <<< [apiv2][status] GET https://compute.googleapis.com/compute/v1/projects/546185706998 403
[debug] [2025-09-05T19:27:44.360Z] <<< [apiv2][body] GET https://compute.googleapis.com/compute/v1/projects/546185706998 {"error":{"code":403,"message":"Compute Engine API has not been used in project 546185706998 before or it is disabled. Enable it by visiting https://console.developers.google.com/apis/api/compute.googleapis.com/overview?project=546185706998 then retry. If you enabled this API recently, wait a few minutes for the action to propagate to our systems and retry.","errors":[{"message":"Compute Engine API has not been used in project 546185706998 before or it is disabled. Enable it by visiting https://console.developers.google.com/apis/api/compute.googleapis.com/overview?project=546185706998 then retry. If you enabled this API recently, wait a few minutes for the action to propagate to our systems and retry.","domain":"usageLimits","reason":"accessNotConfigured","extendedHelp":"https://console.developers.google.com"}],"status":"PERMISSION_DENIED","details":[{"@type":"type.googleapis.com/google.rpc.ErrorInfo","reason":"SERVICE_DISABLED","domain":"googleapis.com","metadata":{"activationUrl":"https://console.developers.google.com/apis/api/compute.googleapis.com/overview?project=546185706998","containerInfo":"546185706998","serviceTitle":"Compute Engine API","service":"compute.googleapis.com","consumer":"projects/546185706998"}},{"@type":"type.googleapis.com/google.rpc.LocalizedMessage","locale":"en-US","message":"Compute Engine API has not been used in project 546185706998 before or it is disabled. Enable it by visiting https://console.developers.google.com/apis/api/compute.googleapis.com/overview?project=546185706998 then retry. If you enabled this API recently, wait a few minutes for the action to propagate to our systems and retry."},{"@type":"type.googleapis.com/google.rpc.Help","links":[{"description":"Google developers console API activation","url":"https://console.developers.google.com/apis/api/compute.googleapis.com/overview?project=546185706998"}]}]}}
[debug] [2025-09-05T19:27:44.361Z] unable to look up default compute service account. Falling back to 546185706998-compute@developer.gserviceaccount.com. Error: {"name":"FirebaseError","children":[],"context":{"body":{"error":{"code":403,"message":"Compute Engine API has not been used in project 546185706998 before or it is disabled. Enable it by visiting https://console.developers.google.com/apis/api/compute.googleapis.com/overview?project=546185706998 then retry. If you enabled this API recently, wait a few minutes for the action to propagate to our systems and retry.","errors":[{"message":"Compute Engine API has not been used in project 546185706998 before or it is disabled. Enable it by visiting https://console.developers.google.com/apis/api/compute.googleapis.com/overview?project=546185706998 then retry. If you enabled this API recently, wait a few minutes for the action to propagate to our systems and retry.","domain":"usageLimits","reason":"accessNotConfigured","extendedHelp":"https://console.developers.google.com"}],"status":"PERMISSION_DENIED","details":[{"@type":"type.googleapis.com/google.rpc.ErrorInfo","reason":"SERVICE_DISABLED","domain":"googleapis.com","metadata":{"activationUrl":"https://console.developers.google.com/apis/api/compute.googleapis.com/overview?project=546185706998","containerInfo":"546185706998","serviceTitle":"Compute Engine API","service":"compute.googleapis.com","consumer":"projects/546185706998"}},{"@type":"type.googleapis.com/google.rpc.LocalizedMessage","locale":"en-US","message":"Compute Engine API has not been used in project 546185706998 before or it is disabled. Enable it by visiting https://console.developers.google.com/apis/api/compute.googleapis.com/overview?project=546185706998 then retry. If you enabled this API recently, wait a few minutes for the action to propagate to our systems and retry."},{"@type":"type.googleapis.com/google.rpc.Help","links":[{"description":"Google developers console API activation","url":"https://console.developers.google.com/apis/api/compute.googleapis.com/overview?project=546185706998"}]}]}},"response":{"statusCode":403}},"exit":1,"message":"Request to https://compute.googleapis.com/compute/v1/projects/546185706998 had HTTP Error: 403, Compute Engine API has not been used in project 546185706998 before or it is disabled. Enable it by visiting https://console.developers.google.com/apis/api/compute.googleapis.com/overview?project=546185706998 then retry. If you enabled this API recently, wait a few minutes for the action to propagate to our systems and retry.","status":403}
[debug] [2025-09-05T19:27:44.365Z] Checked if tokens are valid: true, expires at: 1757102594543
[debug] [2025-09-05T19:27:44.365Z] Checked if tokens are valid: true, expires at: 1757102594543
[debug] [2025-09-05T19:27:44.366Z] >>> [apiv2][query] POST https://firebasehosting.googleapis.com/v1beta1/projects/-/sites/blue-trip/versions [none]
[debug] [2025-09-05T19:27:44.366Z] >>> [apiv2][body] POST https://firebasehosting.googleapis.com/v1beta1/projects/-/sites/blue-trip/versions {"status":"CREATED","labels":{"deployment-tool":"cli-firebase","firebase-web-framework":"svelekit_ssr"}}
[debug] [2025-09-05T19:27:45.557Z] <<< [apiv2][status] POST https://firebasehosting.googleapis.com/v1beta1/projects/-/sites/blue-trip/versions 200
[debug] [2025-09-05T19:27:45.558Z] <<< [apiv2][body] POST https://firebasehosting.googleapis.com/v1beta1/projects/-/sites/blue-trip/versions {"name":"projects/546185706998/sites/blue-trip/versions/8e1641d478655bc2","status":"CREATED","config":{},"labels":{"deployment-tool":"cli-firebase","firebase-web-framework":"svelekit_ssr"}}
[debug] [2025-09-05T19:27:45.559Z] Checked if tokens are valid: true, expires at: 1757102594543
[debug] [2025-09-05T19:27:45.559Z] Checked if tokens are valid: true, expires at: 1757102594543
[debug] [2025-09-05T19:27:45.559Z] >>> [apiv2][query] GET https://cloudbilling.googleapis.com/v1/projects/blue-trip/billingInfo [none]
[debug] [2025-09-05T19:27:46.437Z] <<< [apiv2][status] GET https://cloudbilling.googleapis.com/v1/projects/blue-trip/billingInfo 200
[debug] [2025-09-05T19:27:46.437Z] <<< [apiv2][body] GET https://cloudbilling.googleapis.com/v1/projects/blue-trip/billingInfo {"name":"projects/blue-trip/billingInfo","projectId":"blue-trip","billingAccountName":"billingAccounts/01C8F1-1EE504-0DA162","billingEnabled":true}
[debug] [2025-09-05T19:27:46.439Z] Checked if tokens are valid: true, expires at: 1757102594543
[debug] [2025-09-05T19:27:46.439Z] Checked if tokens are valid: true, expires at: 1757102594543
[debug] [2025-09-05T19:27:46.439Z] >>> [apiv2][query] POST https://cloudfunctions.googleapis.com/v2/projects/blue-trip/locations/europe-west1/functions:generateUploadUrl [none]
[debug] [2025-09-05T19:27:46.741Z] <<< [apiv2][status] POST https://cloudfunctions.googleapis.com/v2/projects/blue-trip/locations/europe-west1/functions:generateUploadUrl 200
[debug] [2025-09-05T19:27:46.741Z] <<< [apiv2][body] POST https://cloudfunctions.googleapis.com/v2/projects/blue-trip/locations/europe-west1/functions:generateUploadUrl {"uploadUrl":"https://storage.googleapis.com/gcf-v2-uploads-546185706998.europe-west1.cloudfunctions.appspot.com/d4e090f7-36da-4dc2-9a8d-bc63806ed086.zip?GoogleAccessId=service-546185706998@gcf-admin-robot.iam.gserviceaccount.com&Expires=1757102266&Signature=Y8EiRNEwPsPXZDsWdYFpLceuQg2NtG1TiKCuc3GOB468wyuwHYr45Q6J58FHCAqS78Jyqmd%2FvdjuCYbOaUx%2FJ1CTBlKV6M9FrgER19LjXgfqQnMBrrJ3MCNDzap7Tb8sXS3EKOOv1CyT%2BjzRrRvpmtlRQSmxejahyxkropQUVCtbeai3bVEadN46Zy%2F%2FlxsjumdzSUQdrb88fi%2Bp7rVIv9t1kn4zyJiuIFPrkQAj%2B4p5U9rt2q0%2BcU10FbVoeZXBqHEDNkCpep3gzXI8NdsLSnA3dFlEJ10dVinvvrhBo6uwpsVUHwraTUR6zMNsa6nzQkwjdsjb%2BAE51rNUtZSAmw%3D%3D","storageSource":{"bucket":"gcf-v2-uploads-546185706998.europe-west1.cloudfunctions.appspot.com","object":"d4e090f7-36da-4dc2-9a8d-bc63806ed086.zip"}}
[debug] [2025-09-05T19:27:46.743Z] >>> [apiv2][query] PUT https://storage.googleapis.com/gcf-v2-uploads-546185706998.europe-west1.cloudfunctions.appspot.com/d4e090f7-36da-4dc2-9a8d-bc63806ed086.zip GoogleAccessId=service-546185706998%40gcf-admin-robot.iam.gserviceaccount.com&Expires=1757102266&Signature=Y8EiRNEwPsPXZDsWdYFpLceuQg2NtG1TiKCuc3GOB468wyuwHYr45Q6J58FHCAqS78Jyqmd%2FvdjuCYbOaUx%2FJ1CTBlKV6M9FrgER19LjXgfqQnMBrrJ3MCNDzap7Tb8sXS3EKOOv1CyT%2BjzRrRvpmtlRQSmxejahyxkropQUVCtbeai3bVEadN46Zy%2F%2FlxsjumdzSUQdrb88fi%2Bp7rVIv9t1kn4zyJiuIFPrkQAj%2B4p5U9rt2q0%2BcU10FbVoeZXBqHEDNkCpep3gzXI8NdsLSnA3dFlEJ10dVinvvrhBo6uwpsVUHwraTUR6zMNsa6nzQkwjdsjb%2BAE51rNUtZSAmw%3D%3D
[debug] [2025-09-05T19:27:46.743Z] >>> [apiv2][body] PUT https://storage.googleapis.com/gcf-v2-uploads-546185706998.europe-west1.cloudfunctions.appspot.com/d4e090f7-36da-4dc2-9a8d-bc63806ed086.zip [stream]
[debug] [2025-09-05T19:27:47.042Z] <<< [apiv2][status] PUT https://storage.googleapis.com/gcf-v2-uploads-546185706998.europe-west1.cloudfunctions.appspot.com/d4e090f7-36da-4dc2-9a8d-bc63806ed086.zip 200
[debug] [2025-09-05T19:27:47.043Z] <<< [apiv2][body] PUT https://storage.googleapis.com/gcf-v2-uploads-546185706998.europe-west1.cloudfunctions.appspot.com/d4e090f7-36da-4dc2-9a8d-bc63806ed086.zip [omitted]
[info] ✔  functions: .firebase/blue-trip/functions folder uploaded successfully 
[info] i  hosting[blue-trip]: beginning deploy... 
[info] i  hosting[blue-trip]: found 33 files in .firebase/blue-trip/hosting 
[debug] [2025-09-05T19:27:47.064Z] [hosting] uploading with 200 concurrency
[debug] [2025-09-05T19:27:47.100Z] Checked if tokens are valid: true, expires at: 1757102594543
[debug] [2025-09-05T19:27:47.101Z] Checked if tokens are valid: true, expires at: 1757102594543
[debug] [2025-09-05T19:27:47.102Z] [hosting] hash cache [LmZpcmViYXNlL2JsdWUtdHJpcC9ob3N0aW5n] stored for 33 files
[debug] [2025-09-05T19:27:47.102Z] [hosting][hash queue][FINAL] {"max":31,"min":7,"avg":10.333333333333334,"active":0,"complete":33,"success":33,"errored":0,"retried":0,"total":33,"elapsed":35}
[debug] [2025-09-05T19:27:47.102Z] >>> [apiv2][query] POST https://firebasehosting.googleapis.com/v1beta1/projects/546185706998/sites/blue-trip/versions/8e1641d478655bc2:populateFiles [none]
[debug] [2025-09-05T19:27:47.102Z] >>> [apiv2][body] POST https://firebasehosting.googleapis.com/v1beta1/projects/546185706998/sites/blue-trip/versions/8e1641d478655bc2:populateFiles {"files":{"/favicon.png":"de37fe1ebb5a3626a8020f83217dad63fbaec03f492008a519af114a4d0b2ed1","/_app/version.json":"70fed772b9614e8f146b2592fc9aebbf46f0fe1b3e8e70bffd1f66dcdfcffd19","/_app/immutable/nodes/8.BYbqQmqT.js":"0ca9d5bc2a6e2ee0e037082a4370fce44ba07663259c2e2ca75ef7e7c44bcb57","/_app/immutable/nodes/5.CAG5_cGP.js":"0fe3276e31d91936bab2c1a06199bc5f2cc4a4aae75aac281ffd873021a16d8b","/fonts/Kalmansk-Regular.otf":"13f1cec56db57eed6ad68667084ffb953a6a0dc01ac7e42b3b008bfa783a6a79","/_app/immutable/nodes/4.DtLBAMb0.js":"dfa84543b71fd8c9c9448ceb6a77dda3336dcc1ec9fbcecd778179e6b87b77b4","/_app/immutable/nodes/7.EmVVBcdu.js":"e146c02efe21ab402dcd98ee0d32a174e9f34a820691ef5f3daaeff64ff5bbb1","/_app/immutable/nodes/6.Bu85V1OG.js":"4a62ce0172a49d679c519f0a0c48ae7cd6debe9162361590a3eba270abdf30d3","/_app/immutable/nodes/1.z0UcNdP3.js":"8b8dc2ca4a910d9e2c2fbaddf588efc855264a3e10b28be087a4b5b6a67945b0","/_app/immutable/chunks/eODdV14o.js":"3a08ce70d2c2596c2ff2e468a7f8265352c2ed51b8ab7b40bb535747a4cd2657","/_app/immutable/chunks/SI6tkByj.js":"25950ef6c43eaa4db4ef25923690dc8f6d44671173631ae9288b4c7c36d2ce0c","/_app/immutable/chunks/MsqpZyFn.js":"264df13593a0a9efbcd530db84ef6f1ce61ea3268a6f408d3b0ba19e935b5bf1","/_app/immutable/nodes/2.BBZGNSOT.js":"e9758698d6bc94484ffd79e009d437650624fc6d64e70614669d35a23fd3a67d","/_app/immutable/nodes/0.CFiSQani.js":"e2222084c18d421d6c67e831cf3b90ea1f2625e85cb6c200784b49efd572ae9b","/_app/immutable/chunks/Dsc3uTyu.js":"af09803685ef3e8058b37527b01fb7477a529d2ebbfe3dab143bc00a93dd9481","/_app/immutable/chunks/DIeogL5L.js":"cf9d5413c7010a535873324d1a41fa0b852be1de4ec233a44523b97f0b3f7cb7","/_app/immutable/entry/app.BbMDTUvH.js":"c00a54ca45cbf2037f3829cc5761d817715a80bc3ab4af5717d9b1919ca0ffcc","/_app/immutable/chunks/DEsalIBh.js":"c411f48f55608fa701fced25672cccf482eb0f2adc3b8519a18ecc543f2c5c9c","/_app/immutable/chunks/D-xv2tAg.js":"797372a3412f15764d92065bc1996369dba248030bc306e1eff16a89ada32270","/_app/immutable/chunks/Bzak7iHL.js":"4d5f8d8c454061a1043f306dbfa3cabbb75f55066360bfeea5743bcda2675bd3","/_app/immutable/chunks/B_-pLn03.js":"65ceea3ba1eb5ca702d7021f41b2575bde15b6aee824741f84cf1aa05b37ac1f","/_app/immutable/chunks/BtTlyNl_.js":"1dd9bdc88b936ac0e9376fe4a1016bb5cf780b11f47c28024919dd9b60b8cefc","/_app/immutable/chunks/BDvfj3Va.js":"c1282c45d1689ab5876562cbf5820f57a77ef405533fde76f366254bf395bfd8","/_app/immutable/entry/start.C6A35c0T.js":"9c148fd2f7d6dec1b31eda8df816b36468e0b9bac8859b520bf81f114a1bb543","/_app/immutable/chunks/8FegQ23V.js":"b596f445fd9572cadbaf021f1c0d1d3a04abda72670036027242bb7be6bc4493","/_app/immutable/chunks/69_IOA4Y.js":"6d59d225cbda4106438af80ff0372d842e43e1e907311edf000b95de03e1d3ea","/_app/immutable/nodes/3.DZOYKR0N.js":"bd3093056c7a96a4d3359850d2e5a8ddec7b3e76d6e2291978493effc9e6357a","/.vite/manifest.json":"0e867999863d25372eabef15c02e4ea430e7f0933820be90dffebe877b2cc5bb","/_app/immutable/chunks/CfhvDfvo.js":"7fbc37c25d420c275a5a3e94c36152679fe08398fb23ebb6d7644d8ce439539b","/_app/immutable/assets/0.CSviYgVz.css":"eaa256b79a9bbb57d6b03a9fb0dccff887f2fec8494417da65d4d059042de07c","/_app/immutable/chunks/Db1ThNXz.js":"a0ef1020b449076b23777e80cb5f7d8c7efdf77329a296a8dc48dda91409b040","/fonts/SaoTorpes.otf":"b5d935cf044449028c6f3dd17e50cecc2f6f6977c91bc11adc80a661c4509499","/_app/immutable/chunks/DSGxXEL7.js":"fbdb32036708d88cf1d0c1543f34d8c84eaf2f172434275a5b8afc725cd46330"}}
[debug] [2025-09-05T19:27:47.364Z] <<< [apiv2][status] POST https://firebasehosting.googleapis.com/v1beta1/projects/546185706998/sites/blue-trip/versions/8e1641d478655bc2:populateFiles 200
[debug] [2025-09-05T19:27:47.365Z] <<< [apiv2][body] POST https://firebasehosting.googleapis.com/v1beta1/projects/546185706998/sites/blue-trip/versions/8e1641d478655bc2:populateFiles {"uploadRequiredHashes":["a0ef1020b449076b23777e80cb5f7d8c7efdf77329a296a8dc48dda91409b040","e146c02efe21ab402dcd98ee0d32a174e9f34a820691ef5f3daaeff64ff5bbb1","8b8dc2ca4a910d9e2c2fbaddf588efc855264a3e10b28be087a4b5b6a67945b0","bd3093056c7a96a4d3359850d2e5a8ddec7b3e76d6e2291978493effc9e6357a","c00a54ca45cbf2037f3829cc5761d817715a80bc3ab4af5717d9b1919ca0ffcc","70fed772b9614e8f146b2592fc9aebbf46f0fe1b3e8e70bffd1f66dcdfcffd19","0e867999863d25372eabef15c02e4ea430e7f0933820be90dffebe877b2cc5bb","9c148fd2f7d6dec1b31eda8df816b36468e0b9bac8859b520bf81f114a1bb543"],"uploadUrl":"https://upload-firebasehosting.googleapis.com/upload/sites/blue-trip/versions/8e1641d478655bc2/files"}
[debug] [2025-09-05T19:27:47.366Z] Checked if tokens are valid: true, expires at: 1757102594543
[debug] [2025-09-05T19:27:47.366Z] Checked if tokens are valid: true, expires at: 1757102594543
[debug] [2025-09-05T19:27:47.367Z] Checked if tokens are valid: true, expires at: 1757102594543
[debug] [2025-09-05T19:27:47.367Z] Checked if tokens are valid: true, expires at: 1757102594543
[debug] [2025-09-05T19:27:47.367Z] Checked if tokens are valid: true, expires at: 1757102594543
[debug] [2025-09-05T19:27:47.367Z] Checked if tokens are valid: true, expires at: 1757102594543
[debug] [2025-09-05T19:27:47.367Z] Checked if tokens are valid: true, expires at: 1757102594543
[debug] [2025-09-05T19:27:47.367Z] Checked if tokens are valid: true, expires at: 1757102594543
[debug] [2025-09-05T19:27:47.367Z] Checked if tokens are valid: true, expires at: 1757102594543
[debug] [2025-09-05T19:27:47.367Z] Checked if tokens are valid: true, expires at: 1757102594543
[debug] [2025-09-05T19:27:47.368Z] Checked if tokens are valid: true, expires at: 1757102594543
[debug] [2025-09-05T19:27:47.368Z] Checked if tokens are valid: true, expires at: 1757102594543
[debug] [2025-09-05T19:27:47.368Z] Checked if tokens are valid: true, expires at: 1757102594543
[debug] [2025-09-05T19:27:47.368Z] Checked if tokens are valid: true, expires at: 1757102594543
[debug] [2025-09-05T19:27:47.368Z] Checked if tokens are valid: true, expires at: 1757102594543
[debug] [2025-09-05T19:27:47.368Z] Checked if tokens are valid: true, expires at: 1757102594543
[debug] [2025-09-05T19:27:47.368Z] >>> [apiv2][query] POST https://upload-firebasehosting.googleapis.com/upload/sites/blue-trip/versions/8e1641d478655bc2/files/a0ef1020b449076b23777e80cb5f7d8c7efdf77329a296a8dc48dda91409b040 [none]
[debug] [2025-09-05T19:27:47.368Z] >>> [apiv2][body] POST https://upload-firebasehosting.googleapis.com/upload/sites/blue-trip/versions/8e1641d478655bc2/files/a0ef1020b449076b23777e80cb5f7d8c7efdf77329a296a8dc48dda91409b040 [stream]
[debug] [2025-09-05T19:27:47.370Z] >>> [apiv2][query] POST https://upload-firebasehosting.googleapis.com/upload/sites/blue-trip/versions/8e1641d478655bc2/files/e146c02efe21ab402dcd98ee0d32a174e9f34a820691ef5f3daaeff64ff5bbb1 [none]
[debug] [2025-09-05T19:27:47.370Z] >>> [apiv2][body] POST https://upload-firebasehosting.googleapis.com/upload/sites/blue-trip/versions/8e1641d478655bc2/files/e146c02efe21ab402dcd98ee0d32a174e9f34a820691ef5f3daaeff64ff5bbb1 [stream]
[debug] [2025-09-05T19:27:47.372Z] >>> [apiv2][query] POST https://upload-firebasehosting.googleapis.com/upload/sites/blue-trip/versions/8e1641d478655bc2/files/8b8dc2ca4a910d9e2c2fbaddf588efc855264a3e10b28be087a4b5b6a67945b0 [none]
[debug] [2025-09-05T19:27:47.372Z] >>> [apiv2][body] POST https://upload-firebasehosting.googleapis.com/upload/sites/blue-trip/versions/8e1641d478655bc2/files/8b8dc2ca4a910d9e2c2fbaddf588efc855264a3e10b28be087a4b5b6a67945b0 [stream]
[debug] [2025-09-05T19:27:47.373Z] >>> [apiv2][query] POST https://upload-firebasehosting.googleapis.com/upload/sites/blue-trip/versions/8e1641d478655bc2/files/bd3093056c7a96a4d3359850d2e5a8ddec7b3e76d6e2291978493effc9e6357a [none]
[debug] [2025-09-05T19:27:47.373Z] >>> [apiv2][body] POST https://upload-firebasehosting.googleapis.com/upload/sites/blue-trip/versions/8e1641d478655bc2/files/bd3093056c7a96a4d3359850d2e5a8ddec7b3e76d6e2291978493effc9e6357a [stream]
[debug] [2025-09-05T19:27:47.374Z] >>> [apiv2][query] POST https://upload-firebasehosting.googleapis.com/upload/sites/blue-trip/versions/8e1641d478655bc2/files/c00a54ca45cbf2037f3829cc5761d817715a80bc3ab4af5717d9b1919ca0ffcc [none]
[debug] [2025-09-05T19:27:47.374Z] >>> [apiv2][body] POST https://upload-firebasehosting.googleapis.com/upload/sites/blue-trip/versions/8e1641d478655bc2/files/c00a54ca45cbf2037f3829cc5761d817715a80bc3ab4af5717d9b1919ca0ffcc [stream]
[debug] [2025-09-05T19:27:47.375Z] >>> [apiv2][query] POST https://upload-firebasehosting.googleapis.com/upload/sites/blue-trip/versions/8e1641d478655bc2/files/70fed772b9614e8f146b2592fc9aebbf46f0fe1b3e8e70bffd1f66dcdfcffd19 [none]
[debug] [2025-09-05T19:27:47.375Z] >>> [apiv2][body] POST https://upload-firebasehosting.googleapis.com/upload/sites/blue-trip/versions/8e1641d478655bc2/files/70fed772b9614e8f146b2592fc9aebbf46f0fe1b3e8e70bffd1f66dcdfcffd19 [stream]
[debug] [2025-09-05T19:27:47.377Z] >>> [apiv2][query] POST https://upload-firebasehosting.googleapis.com/upload/sites/blue-trip/versions/8e1641d478655bc2/files/0e867999863d25372eabef15c02e4ea430e7f0933820be90dffebe877b2cc5bb [none]
[debug] [2025-09-05T19:27:47.377Z] >>> [apiv2][body] POST https://upload-firebasehosting.googleapis.com/upload/sites/blue-trip/versions/8e1641d478655bc2/files/0e867999863d25372eabef15c02e4ea430e7f0933820be90dffebe877b2cc5bb [stream]
[debug] [2025-09-05T19:27:47.378Z] >>> [apiv2][query] POST https://upload-firebasehosting.googleapis.com/upload/sites/blue-trip/versions/8e1641d478655bc2/files/9c148fd2f7d6dec1b31eda8df816b36468e0b9bac8859b520bf81f114a1bb543 [none]
[debug] [2025-09-05T19:27:47.378Z] >>> [apiv2][body] POST https://upload-firebasehosting.googleapis.com/upload/sites/blue-trip/versions/8e1641d478655bc2/files/9c148fd2f7d6dec1b31eda8df816b36468e0b9bac8859b520bf81f114a1bb543 [stream]
[debug] [2025-09-05T19:27:47.379Z] [hosting][populate queue][FINAL] {"max":268,"min":268,"avg":268,"active":0,"complete":1,"success":1,"errored":0,"retried":0,"total":1,"elapsed":279}
[debug] [2025-09-05T19:27:47.379Z] [hosting] uploads queued: 8
[debug] [2025-09-05T19:27:48.407Z] <<< [apiv2][status] POST https://upload-firebasehosting.googleapis.com/upload/sites/blue-trip/versions/8e1641d478655bc2/files/9c148fd2f7d6dec1b31eda8df816b36468e0b9bac8859b520bf81f114a1bb543 200
[debug] [2025-09-05T19:27:48.408Z] <<< [apiv2][body] POST https://upload-firebasehosting.googleapis.com/upload/sites/blue-trip/versions/8e1641d478655bc2/files/9c148fd2f7d6dec1b31eda8df816b36468e0b9bac8859b520bf81f114a1bb543 [stream]
[debug] [2025-09-05T19:27:48.429Z] <<< [apiv2][status] POST https://upload-firebasehosting.googleapis.com/upload/sites/blue-trip/versions/8e1641d478655bc2/files/c00a54ca45cbf2037f3829cc5761d817715a80bc3ab4af5717d9b1919ca0ffcc 200
[debug] [2025-09-05T19:27:48.429Z] <<< [apiv2][body] POST https://upload-firebasehosting.googleapis.com/upload/sites/blue-trip/versions/8e1641d478655bc2/files/c00a54ca45cbf2037f3829cc5761d817715a80bc3ab4af5717d9b1919ca0ffcc [stream]
[debug] [2025-09-05T19:27:48.448Z] <<< [apiv2][status] POST https://upload-firebasehosting.googleapis.com/upload/sites/blue-trip/versions/8e1641d478655bc2/files/bd3093056c7a96a4d3359850d2e5a8ddec7b3e76d6e2291978493effc9e6357a 200
[debug] [2025-09-05T19:27:48.448Z] <<< [apiv2][body] POST https://upload-firebasehosting.googleapis.com/upload/sites/blue-trip/versions/8e1641d478655bc2/files/bd3093056c7a96a4d3359850d2e5a8ddec7b3e76d6e2291978493effc9e6357a [stream]
[debug] [2025-09-05T19:27:48.452Z] <<< [apiv2][status] POST https://upload-firebasehosting.googleapis.com/upload/sites/blue-trip/versions/8e1641d478655bc2/files/70fed772b9614e8f146b2592fc9aebbf46f0fe1b3e8e70bffd1f66dcdfcffd19 200
[debug] [2025-09-05T19:27:48.453Z] <<< [apiv2][body] POST https://upload-firebasehosting.googleapis.com/upload/sites/blue-trip/versions/8e1641d478655bc2/files/70fed772b9614e8f146b2592fc9aebbf46f0fe1b3e8e70bffd1f66dcdfcffd19 [stream]
[debug] [2025-09-05T19:27:48.480Z] <<< [apiv2][status] POST https://upload-firebasehosting.googleapis.com/upload/sites/blue-trip/versions/8e1641d478655bc2/files/8b8dc2ca4a910d9e2c2fbaddf588efc855264a3e10b28be087a4b5b6a67945b0 200
[debug] [2025-09-05T19:27:48.480Z] <<< [apiv2][body] POST https://upload-firebasehosting.googleapis.com/upload/sites/blue-trip/versions/8e1641d478655bc2/files/8b8dc2ca4a910d9e2c2fbaddf588efc855264a3e10b28be087a4b5b6a67945b0 [stream]
[debug] [2025-09-05T19:27:48.537Z] <<< [apiv2][status] POST https://upload-firebasehosting.googleapis.com/upload/sites/blue-trip/versions/8e1641d478655bc2/files/a0ef1020b449076b23777e80cb5f7d8c7efdf77329a296a8dc48dda91409b040 200
[debug] [2025-09-05T19:27:48.537Z] <<< [apiv2][body] POST https://upload-firebasehosting.googleapis.com/upload/sites/blue-trip/versions/8e1641d478655bc2/files/a0ef1020b449076b23777e80cb5f7d8c7efdf77329a296a8dc48dda91409b040 [stream]
[debug] [2025-09-05T19:27:48.566Z] <<< [apiv2][status] POST https://upload-firebasehosting.googleapis.com/upload/sites/blue-trip/versions/8e1641d478655bc2/files/0e867999863d25372eabef15c02e4ea430e7f0933820be90dffebe877b2cc5bb 200
[debug] [2025-09-05T19:27:48.566Z] <<< [apiv2][body] POST https://upload-firebasehosting.googleapis.com/upload/sites/blue-trip/versions/8e1641d478655bc2/files/0e867999863d25372eabef15c02e4ea430e7f0933820be90dffebe877b2cc5bb [stream]
[debug] [2025-09-05T19:27:48.621Z] <<< [apiv2][status] POST https://upload-firebasehosting.googleapis.com/upload/sites/blue-trip/versions/8e1641d478655bc2/files/e146c02efe21ab402dcd98ee0d32a174e9f34a820691ef5f3daaeff64ff5bbb1 200
[debug] [2025-09-05T19:27:48.622Z] <<< [apiv2][body] POST https://upload-firebasehosting.googleapis.com/upload/sites/blue-trip/versions/8e1641d478655bc2/files/e146c02efe21ab402dcd98ee0d32a174e9f34a820691ef5f3daaeff64ff5bbb1 [stream]
[debug] [2025-09-05T19:27:48.622Z] [hosting][upload queue][FINAL] {"max":1255,"min":1040,"avg":1125.75,"active":0,"complete":8,"success":8,"errored":0,"retried":0,"total":8,"elapsed":1257}
[info] ✔  hosting[blue-trip]: file upload complete 
[debug] [2025-09-05T19:27:48.623Z] [hosting] deploy completed after 1576ms
[info] i  functions: updating Node.js 20 (2nd Gen) function firebase-frameworks-blue-trip:ssrbluetrip(europe-west1)... 
[debug] [2025-09-05T19:27:48.626Z] Checked if tokens are valid: true, expires at: 1757102594543
[debug] [2025-09-05T19:27:48.626Z] Checked if tokens are valid: true, expires at: 1757102594543
[debug] [2025-09-05T19:27:48.626Z] >>> [apiv2][query] PATCH https://cloudfunctions.googleapis.com/v2/projects/blue-trip/locations/europe-west1/functions/ssrbluetrip updateMask=name%2CbuildConfig.runtime%2CbuildConfig.entryPoint%2CbuildConfig.source.storageSource.bucket%2CbuildConfig.source.storageSource.object%2CbuildConfig.environmentVariables%2CbuildConfig.sourceToken%2CserviceConfig.environmentVariables%2CserviceConfig.ingressSettings%2CserviceConfig.timeoutSeconds%2CserviceConfig.serviceAccountEmail%2CserviceConfig.availableMemory%2CserviceConfig.minInstanceCount%2CserviceConfig.maxInstanceCount%2CserviceConfig.maxInstanceRequestConcurrency%2CserviceConfig.availableCpu%2CserviceConfig.vpcConnector%2CserviceConfig.vpcConnectorEgressSettings%2Clabels
[debug] [2025-09-05T19:27:48.626Z] >>> [apiv2][body] PATCH https://cloudfunctions.googleapis.com/v2/projects/blue-trip/locations/europe-west1/functions/ssrbluetrip {"name":"projects/blue-trip/locations/europe-west1/functions/ssrbluetrip","buildConfig":{"runtime":"nodejs20","entryPoint":"ssrbluetrip","source":{"storageSource":{"bucket":"gcf-v2-uploads-546185706998.europe-west1.cloudfunctions.appspot.com","object":"d4e090f7-36da-4dc2-9a8d-bc63806ed086.zip"}},"environmentVariables":{"GOOGLE_NODE_RUN_SCRIPTS":""}},"serviceConfig":{"environmentVariables":{"__FIREBASE_FRAMEWORKS_ENTRY__":"sveltekit","__FIREBASE_DEFAULTS__":"{\"config\":{\"projectId\":\"blue-trip\",\"storageBucket\":\"blue-trip.firebasestorage.app\",\"apiKey\":\"AIzaSyAdNX5w10w62U409INArUAzMEUk1ElHNO8\",\"authDomain\":\"blue-trip.firebaseapp.com\",\"messagingSenderId\":\"546185706998\"},\"_authTokenSyncURL\":\"/__session\"}","FIREBASE_CONFIG":"{\"projectId\":\"blue-trip\",\"storageBucket\":\"blue-trip.firebasestorage.app\"}","GCLOUD_PROJECT":"blue-trip","EVENTARC_CLOUD_EVENT_SOURCE":"projects/blue-trip/locations/europe-west1/services/ssrbluetrip","FUNCTION_TARGET":"ssrbluetrip","LOG_EXECUTION_ID":"true"},"ingressSettings":null,"timeoutSeconds":null,"serviceAccountEmail":null,"availableMemory":"256Mi","minInstanceCount":null,"maxInstanceCount":null,"maxInstanceRequestConcurrency":80,"availableCpu":"1","vpcConnector":null,"vpcConnectorEgressSettings":null},"labels":{"deployment-tool":"cli-firebase","firebase-functions-codebase":"firebase-frameworks-blue-trip","firebase-functions-hash":"f94c711640ba686a4a0a97c760ecc87be32c305f"}}
[debug] [2025-09-05T19:27:49.939Z] <<< [apiv2][status] PATCH https://cloudfunctions.googleapis.com/v2/projects/blue-trip/locations/europe-west1/functions/ssrbluetrip 200
[debug] [2025-09-05T19:27:49.940Z] <<< [apiv2][body] PATCH https://cloudfunctions.googleapis.com/v2/projects/blue-trip/locations/europe-west1/functions/ssrbluetrip {"name":"projects/blue-trip/locations/europe-west1/operations/operation-1757100468894-63e12d5487b01-d82fb4dc-4e62afd2","metadata":{"@type":"type.googleapis.com/google.cloud.functions.v2.OperationMetadata","createTime":"2025-09-05T19:27:49.954945938Z","target":"projects/blue-trip/locations/europe-west1/functions/ssrbluetrip","verb":"update","cancelRequested":false,"apiVersion":"v2"},"done":false}
[debug] [2025-09-05T19:27:49.940Z] Checked if tokens are valid: true, expires at: 1757102594543
[debug] [2025-09-05T19:27:49.940Z] Checked if tokens are valid: true, expires at: 1757102594543
[debug] [2025-09-05T19:27:49.940Z] >>> [apiv2][query] GET https://cloudfunctions.googleapis.com/v2/projects/blue-trip/locations/europe-west1/operations/operation-1757100468894-63e12d5487b01-d82fb4dc-4e62afd2 [none]
[debug] [2025-09-05T19:27:50.190Z] <<< [apiv2][status] GET https://cloudfunctions.googleapis.com/v2/projects/blue-trip/locations/europe-west1/operations/operation-1757100468894-63e12d5487b01-d82fb4dc-4e62afd2 200
[debug] [2025-09-05T19:27:50.190Z] <<< [apiv2][body] GET https://cloudfunctions.googleapis.com/v2/projects/blue-trip/locations/europe-west1/operations/operation-1757100468894-63e12d5487b01-d82fb4dc-4e62afd2 {"name":"projects/blue-trip/locations/europe-west1/operations/operation-1757100468894-63e12d5487b01-d82fb4dc-4e62afd2","metadata":{"@type":"type.googleapis.com/google.cloud.functions.v2.OperationMetadata","createTime":"2025-09-05T19:27:49.954945938Z","target":"projects/blue-trip/locations/europe-west1/functions/ssrbluetrip","verb":"update","cancelRequested":false,"apiVersion":"v2","requestResource":{"@type":"type.googleapis.com/google.cloud.functions.v2.Function","name":"projects/blue-trip/locations/europe-west1/functions/ssrbluetrip","buildConfig":{"runtime":"nodejs20","entryPoint":"ssrbluetrip","source":{"storageSource":{"bucket":"gcf-v2-sources-546185706998-europe-west1","object":"ssrbluetrip/function-source.zip","generation":"1757100469912646"}},"environmentVariables":{"GOOGLE_NODE_RUN_SCRIPTS":""},"dockerRepository":"projects/blue-trip/locations/europe-west1/repositories/gcf-artifacts","sourceProvenance":{"resolvedStorageSource":{"bucket":"gcf-v2-sources-546185706998-europe-west1","object":"ssrbluetrip/function-source.zip","generation":"1757100117889654"}},"dockerRegistry":"ARTIFACT_REGISTRY","serviceAccount":"projects/blue-trip/serviceAccounts/546185706998-compute@developer.gserviceaccount.com","automaticUpdatePolicy":{}},"serviceConfig":{"service":"projects/blue-trip/locations/europe-west1/services/ssrbluetrip","timeoutSeconds":60,"environmentVariables":{"__FIREBASE_FRAMEWORKS_ENTRY__":"sveltekit","__FIREBASE_DEFAULTS__":"{\"config\":{\"projectId\":\"blue-trip\",\"storageBucket\":\"blue-trip.firebasestorage.app\",\"apiKey\":\"AIzaSyAdNX5w10w62U409INArUAzMEUk1ElHNO8\",\"authDomain\":\"blue-trip.firebaseapp.com\",\"messagingSenderId\":\"546185706998\"},\"_authTokenSyncURL\":\"/__session\"}","FIREBASE_CONFIG":"{\"projectId\":\"blue-trip\",\"storageBucket\":\"blue-trip.firebasestorage.app\"}","GCLOUD_PROJECT":"blue-trip","EVENTARC_CLOUD_EVENT_SOURCE":"projects/blue-trip/locations/europe-west1/services/ssrbluetrip","FUNCTION_TARGET":"ssrbluetrip","LOG_EXECUTION_ID":"true"},"ingressSettings":"ALLOW_ALL","uri":"https://ssrbluetrip-mzn56km3pq-ew.a.run.app","serviceAccountEmail":"546185706998-compute@developer.gserviceaccount.com","availableMemory":"256Mi","allTrafficOnLatestRevision":true,"revision":"ssrbluetrip-00009-mum","maxInstanceRequestConcurrency":80,"availableCpu":"1"},"state":"ACTIVE","labels":{"deployment-tool":"cli-firebase","firebase-functions-codebase":"firebase-frameworks-blue-trip","firebase-functions-hash":"f94c711640ba686a4a0a97c760ecc87be32c305f"},"environment":"GEN_2","url":"https://europe-west1-blue-trip.cloudfunctions.net/ssrbluetrip","satisfiesPzi":true},"stages":[{"name":"BUILD","state":"NOT_STARTED"},{"name":"SERVICE","state":"NOT_STARTED"}],"operationType":"UPDATE_FUNCTION"},"done":false}
[debug] [2025-09-05T19:27:50.691Z] [update-firebase-frameworks-blue-trip-europe-west1-ssrbluetrip] Retrying task index 0
[debug] [2025-09-05T19:27:50.692Z] Checked if tokens are valid: true, expires at: 1757102594543
[debug] [2025-09-05T19:27:50.692Z] Checked if tokens are valid: true, expires at: 1757102594543
[debug] [2025-09-05T19:27:50.692Z] >>> [apiv2][query] GET https://cloudfunctions.googleapis.com/v2/projects/blue-trip/locations/europe-west1/operations/operation-1757100468894-63e12d5487b01-d82fb4dc-4e62afd2 [none]
[debug] [2025-09-05T19:27:50.925Z] <<< [apiv2][status] GET https://cloudfunctions.googleapis.com/v2/projects/blue-trip/locations/europe-west1/operations/operation-1757100468894-63e12d5487b01-d82fb4dc-4e62afd2 200
[debug] [2025-09-05T19:27:50.925Z] <<< [apiv2][body] GET https://cloudfunctions.googleapis.com/v2/projects/blue-trip/locations/europe-west1/operations/operation-1757100468894-63e12d5487b01-d82fb4dc-4e62afd2 {"name":"projects/blue-trip/locations/europe-west1/operations/operation-1757100468894-63e12d5487b01-d82fb4dc-4e62afd2","metadata":{"@type":"type.googleapis.com/google.cloud.functions.v2.OperationMetadata","createTime":"2025-09-05T19:27:49.954945938Z","target":"projects/blue-trip/locations/europe-west1/functions/ssrbluetrip","verb":"update","cancelRequested":false,"apiVersion":"v2","requestResource":{"@type":"type.googleapis.com/google.cloud.functions.v2.Function","name":"projects/blue-trip/locations/europe-west1/functions/ssrbluetrip","buildConfig":{"runtime":"nodejs20","entryPoint":"ssrbluetrip","source":{"storageSource":{"bucket":"gcf-v2-sources-546185706998-europe-west1","object":"ssrbluetrip/function-source.zip","generation":"1757100469912646"}},"environmentVariables":{"GOOGLE_NODE_RUN_SCRIPTS":""},"dockerRepository":"projects/blue-trip/locations/europe-west1/repositories/gcf-artifacts","sourceProvenance":{"resolvedStorageSource":{"bucket":"gcf-v2-sources-546185706998-europe-west1","object":"ssrbluetrip/function-source.zip","generation":"1757100117889654"}},"dockerRegistry":"ARTIFACT_REGISTRY","serviceAccount":"projects/blue-trip/serviceAccounts/546185706998-compute@developer.gserviceaccount.com","automaticUpdatePolicy":{}},"serviceConfig":{"service":"projects/blue-trip/locations/europe-west1/services/ssrbluetrip","timeoutSeconds":60,"environmentVariables":{"__FIREBASE_FRAMEWORKS_ENTRY__":"sveltekit","__FIREBASE_DEFAULTS__":"{\"config\":{\"projectId\":\"blue-trip\",\"storageBucket\":\"blue-trip.firebasestorage.app\",\"apiKey\":\"AIzaSyAdNX5w10w62U409INArUAzMEUk1ElHNO8\",\"authDomain\":\"blue-trip.firebaseapp.com\",\"messagingSenderId\":\"546185706998\"},\"_authTokenSyncURL\":\"/__session\"}","FIREBASE_CONFIG":"{\"projectId\":\"blue-trip\",\"storageBucket\":\"blue-trip.firebasestorage.app\"}","GCLOUD_PROJECT":"blue-trip","EVENTARC_CLOUD_EVENT_SOURCE":"projects/blue-trip/locations/europe-west1/services/ssrbluetrip","FUNCTION_TARGET":"ssrbluetrip","LOG_EXECUTION_ID":"true"},"ingressSettings":"ALLOW_ALL","uri":"https://ssrbluetrip-mzn56km3pq-ew.a.run.app","serviceAccountEmail":"546185706998-compute@developer.gserviceaccount.com","availableMemory":"256Mi","allTrafficOnLatestRevision":true,"revision":"ssrbluetrip-00009-mum","maxInstanceRequestConcurrency":80,"availableCpu":"1"},"state":"ACTIVE","labels":{"deployment-tool":"cli-firebase","firebase-functions-codebase":"firebase-frameworks-blue-trip","firebase-functions-hash":"f94c711640ba686a4a0a97c760ecc87be32c305f"},"environment":"GEN_2","url":"https://europe-west1-blue-trip.cloudfunctions.net/ssrbluetrip","satisfiesPzi":true},"stages":[{"name":"BUILD","state":"NOT_STARTED"},{"name":"SERVICE","state":"NOT_STARTED"}],"operationType":"UPDATE_FUNCTION"},"done":false}
[debug] [2025-09-05T19:27:51.927Z] [update-firebase-frameworks-blue-trip-europe-west1-ssrbluetrip] Retrying task index 0
[debug] [2025-09-05T19:27:51.928Z] Checked if tokens are valid: true, expires at: 1757102594543
[debug] [2025-09-05T19:27:51.928Z] Checked if tokens are valid: true, expires at: 1757102594543
[debug] [2025-09-05T19:27:51.928Z] >>> [apiv2][query] GET https://cloudfunctions.googleapis.com/v2/projects/blue-trip/locations/europe-west1/operations/operation-1757100468894-63e12d5487b01-d82fb4dc-4e62afd2 [none]
[debug] [2025-09-05T19:27:52.172Z] <<< [apiv2][status] GET https://cloudfunctions.googleapis.com/v2/projects/blue-trip/locations/europe-west1/operations/operation-1757100468894-63e12d5487b01-d82fb4dc-4e62afd2 200
[debug] [2025-09-05T19:27:52.172Z] <<< [apiv2][body] GET https://cloudfunctions.googleapis.com/v2/projects/blue-trip/locations/europe-west1/operations/operation-1757100468894-63e12d5487b01-d82fb4dc-4e62afd2 {"name":"projects/blue-trip/locations/europe-west1/operations/operation-1757100468894-63e12d5487b01-d82fb4dc-4e62afd2","metadata":{"@type":"type.googleapis.com/google.cloud.functions.v2.OperationMetadata","createTime":"2025-09-05T19:27:49.954945938Z","target":"projects/blue-trip/locations/europe-west1/functions/ssrbluetrip","verb":"update","cancelRequested":false,"apiVersion":"v2","requestResource":{"@type":"type.googleapis.com/google.cloud.functions.v2.Function","name":"projects/blue-trip/locations/europe-west1/functions/ssrbluetrip","buildConfig":{"runtime":"nodejs20","entryPoint":"ssrbluetrip","source":{"storageSource":{"bucket":"gcf-v2-sources-546185706998-europe-west1","object":"ssrbluetrip/function-source.zip","generation":"1757100469912646"}},"environmentVariables":{"GOOGLE_NODE_RUN_SCRIPTS":""},"dockerRepository":"projects/blue-trip/locations/europe-west1/repositories/gcf-artifacts","sourceProvenance":{"resolvedStorageSource":{"bucket":"gcf-v2-sources-546185706998-europe-west1","object":"ssrbluetrip/function-source.zip","generation":"1757100117889654"}},"dockerRegistry":"ARTIFACT_REGISTRY","serviceAccount":"projects/blue-trip/serviceAccounts/546185706998-compute@developer.gserviceaccount.com","automaticUpdatePolicy":{}},"serviceConfig":{"service":"projects/blue-trip/locations/europe-west1/services/ssrbluetrip","timeoutSeconds":60,"environmentVariables":{"__FIREBASE_FRAMEWORKS_ENTRY__":"sveltekit","__FIREBASE_DEFAULTS__":"{\"config\":{\"projectId\":\"blue-trip\",\"storageBucket\":\"blue-trip.firebasestorage.app\",\"apiKey\":\"AIzaSyAdNX5w10w62U409INArUAzMEUk1ElHNO8\",\"authDomain\":\"blue-trip.firebaseapp.com\",\"messagingSenderId\":\"546185706998\"},\"_authTokenSyncURL\":\"/__session\"}","FIREBASE_CONFIG":"{\"projectId\":\"blue-trip\",\"storageBucket\":\"blue-trip.firebasestorage.app\"}","GCLOUD_PROJECT":"blue-trip","EVENTARC_CLOUD_EVENT_SOURCE":"projects/blue-trip/locations/europe-west1/services/ssrbluetrip","FUNCTION_TARGET":"ssrbluetrip","LOG_EXECUTION_ID":"true"},"ingressSettings":"ALLOW_ALL","uri":"https://ssrbluetrip-mzn56km3pq-ew.a.run.app","serviceAccountEmail":"546185706998-compute@developer.gserviceaccount.com","availableMemory":"256Mi","allTrafficOnLatestRevision":true,"revision":"ssrbluetrip-00009-mum","maxInstanceRequestConcurrency":80,"availableCpu":"1"},"state":"ACTIVE","labels":{"deployment-tool":"cli-firebase","firebase-functions-codebase":"firebase-frameworks-blue-trip","firebase-functions-hash":"f94c711640ba686a4a0a97c760ecc87be32c305f"},"environment":"GEN_2","url":"https://europe-west1-blue-trip.cloudfunctions.net/ssrbluetrip","satisfiesPzi":true},"stages":[{"name":"BUILD","message":"Build in progress","state":"IN_PROGRESS","resource":"projects/546185706998/locations/europe-west1/builds/1143cb7d-c313-4e72-beba-948a03a254e7","resourceUri":"https://console.cloud.google.com/cloud-build/builds;region=europe-west1/1143cb7d-c313-4e72-beba-948a03a254e7?project=546185706998"},{"name":"SERVICE","state":"NOT_STARTED"}],"operationType":"UPDATE_FUNCTION","buildName":"projects/546185706998/locations/europe-west1/builds/1143cb7d-c313-4e72-beba-948a03a254e7"},"done":false}
[debug] [2025-09-05T19:27:54.174Z] [update-firebase-frameworks-blue-trip-europe-west1-ssrbluetrip] Retrying task index 0
[debug] [2025-09-05T19:27:54.174Z] Checked if tokens are valid: true, expires at: 1757102594543
[debug] [2025-09-05T19:27:54.175Z] Checked if tokens are valid: true, expires at: 1757102594543
[debug] [2025-09-05T19:27:54.175Z] >>> [apiv2][query] GET https://cloudfunctions.googleapis.com/v2/projects/blue-trip/locations/europe-west1/operations/operation-1757100468894-63e12d5487b01-d82fb4dc-4e62afd2 [none]
[debug] [2025-09-05T19:27:54.408Z] <<< [apiv2][status] GET https://cloudfunctions.googleapis.com/v2/projects/blue-trip/locations/europe-west1/operations/operation-1757100468894-63e12d5487b01-d82fb4dc-4e62afd2 200
[debug] [2025-09-05T19:27:54.408Z] <<< [apiv2][body] GET https://cloudfunctions.googleapis.com/v2/projects/blue-trip/locations/europe-west1/operations/operation-1757100468894-63e12d5487b01-d82fb4dc-4e62afd2 {"name":"projects/blue-trip/locations/europe-west1/operations/operation-1757100468894-63e12d5487b01-d82fb4dc-4e62afd2","metadata":{"@type":"type.googleapis.com/google.cloud.functions.v2.OperationMetadata","createTime":"2025-09-05T19:27:49.954945938Z","target":"projects/blue-trip/locations/europe-west1/functions/ssrbluetrip","verb":"update","cancelRequested":false,"apiVersion":"v2","requestResource":{"@type":"type.googleapis.com/google.cloud.functions.v2.Function","name":"projects/blue-trip/locations/europe-west1/functions/ssrbluetrip","buildConfig":{"runtime":"nodejs20","entryPoint":"ssrbluetrip","source":{"storageSource":{"bucket":"gcf-v2-sources-546185706998-europe-west1","object":"ssrbluetrip/function-source.zip","generation":"1757100469912646"}},"environmentVariables":{"GOOGLE_NODE_RUN_SCRIPTS":""},"dockerRepository":"projects/blue-trip/locations/europe-west1/repositories/gcf-artifacts","sourceProvenance":{"resolvedStorageSource":{"bucket":"gcf-v2-sources-546185706998-europe-west1","object":"ssrbluetrip/function-source.zip","generation":"1757100117889654"}},"dockerRegistry":"ARTIFACT_REGISTRY","serviceAccount":"projects/blue-trip/serviceAccounts/546185706998-compute@developer.gserviceaccount.com","automaticUpdatePolicy":{}},"serviceConfig":{"service":"projects/blue-trip/locations/europe-west1/services/ssrbluetrip","timeoutSeconds":60,"environmentVariables":{"__FIREBASE_FRAMEWORKS_ENTRY__":"sveltekit","__FIREBASE_DEFAULTS__":"{\"config\":{\"projectId\":\"blue-trip\",\"storageBucket\":\"blue-trip.firebasestorage.app\",\"apiKey\":\"AIzaSyAdNX5w10w62U409INArUAzMEUk1ElHNO8\",\"authDomain\":\"blue-trip.firebaseapp.com\",\"messagingSenderId\":\"546185706998\"},\"_authTokenSyncURL\":\"/__session\"}","FIREBASE_CONFIG":"{\"projectId\":\"blue-trip\",\"storageBucket\":\"blue-trip.firebasestorage.app\"}","GCLOUD_PROJECT":"blue-trip","EVENTARC_CLOUD_EVENT_SOURCE":"projects/blue-trip/locations/europe-west1/services/ssrbluetrip","FUNCTION_TARGET":"ssrbluetrip","LOG_EXECUTION_ID":"true"},"ingressSettings":"ALLOW_ALL","uri":"https://ssrbluetrip-mzn56km3pq-ew.a.run.app","serviceAccountEmail":"546185706998-compute@developer.gserviceaccount.com","availableMemory":"256Mi","allTrafficOnLatestRevision":true,"revision":"ssrbluetrip-00009-mum","maxInstanceRequestConcurrency":80,"availableCpu":"1"},"state":"ACTIVE","labels":{"deployment-tool":"cli-firebase","firebase-functions-codebase":"firebase-frameworks-blue-trip","firebase-functions-hash":"f94c711640ba686a4a0a97c760ecc87be32c305f"},"environment":"GEN_2","url":"https://europe-west1-blue-trip.cloudfunctions.net/ssrbluetrip","satisfiesPzi":true},"stages":[{"name":"BUILD","message":"Build in progress","state":"IN_PROGRESS","resource":"projects/546185706998/locations/europe-west1/builds/1143cb7d-c313-4e72-beba-948a03a254e7","resourceUri":"https://console.cloud.google.com/cloud-build/builds;region=europe-west1/1143cb7d-c313-4e72-beba-948a03a254e7?project=546185706998"},{"name":"SERVICE","state":"NOT_STARTED"}],"operationType":"UPDATE_FUNCTION","buildName":"projects/546185706998/locations/europe-west1/builds/1143cb7d-c313-4e72-beba-948a03a254e7"},"done":false}
[debug] [2025-09-05T19:27:58.409Z] [update-firebase-frameworks-blue-trip-europe-west1-ssrbluetrip] Retrying task index 0
[debug] [2025-09-05T19:27:58.410Z] Checked if tokens are valid: true, expires at: 1757102594543
[debug] [2025-09-05T19:27:58.410Z] Checked if tokens are valid: true, expires at: 1757102594543
[debug] [2025-09-05T19:27:58.410Z] >>> [apiv2][query] GET https://cloudfunctions.googleapis.com/v2/projects/blue-trip/locations/europe-west1/operations/operation-1757100468894-63e12d5487b01-d82fb4dc-4e62afd2 [none]
[debug] [2025-09-05T19:27:58.505Z] <<< [apiv2][status] GET https://cloudfunctions.googleapis.com/v2/projects/blue-trip/locations/europe-west1/operations/operation-1757100468894-63e12d5487b01-d82fb4dc-4e62afd2 200
[debug] [2025-09-05T19:27:58.506Z] <<< [apiv2][body] GET https://cloudfunctions.googleapis.com/v2/projects/blue-trip/locations/europe-west1/operations/operation-1757100468894-63e12d5487b01-d82fb4dc-4e62afd2 {"name":"projects/blue-trip/locations/europe-west1/operations/operation-1757100468894-63e12d5487b01-d82fb4dc-4e62afd2","metadata":{"@type":"type.googleapis.com/google.cloud.functions.v2.OperationMetadata","createTime":"2025-09-05T19:27:49.954945938Z","target":"projects/blue-trip/locations/europe-west1/functions/ssrbluetrip","verb":"update","cancelRequested":false,"apiVersion":"v2","requestResource":{"@type":"type.googleapis.com/google.cloud.functions.v2.Function","name":"projects/blue-trip/locations/europe-west1/functions/ssrbluetrip","buildConfig":{"runtime":"nodejs20","entryPoint":"ssrbluetrip","source":{"storageSource":{"bucket":"gcf-v2-sources-546185706998-europe-west1","object":"ssrbluetrip/function-source.zip","generation":"1757100469912646"}},"environmentVariables":{"GOOGLE_NODE_RUN_SCRIPTS":""},"dockerRepository":"projects/blue-trip/locations/europe-west1/repositories/gcf-artifacts","sourceProvenance":{"resolvedStorageSource":{"bucket":"gcf-v2-sources-546185706998-europe-west1","object":"ssrbluetrip/function-source.zip","generation":"1757100117889654"}},"dockerRegistry":"ARTIFACT_REGISTRY","serviceAccount":"projects/blue-trip/serviceAccounts/546185706998-compute@developer.gserviceaccount.com","automaticUpdatePolicy":{}},"serviceConfig":{"service":"projects/blue-trip/locations/europe-west1/services/ssrbluetrip","timeoutSeconds":60,"environmentVariables":{"__FIREBASE_FRAMEWORKS_ENTRY__":"sveltekit","__FIREBASE_DEFAULTS__":"{\"config\":{\"projectId\":\"blue-trip\",\"storageBucket\":\"blue-trip.firebasestorage.app\",\"apiKey\":\"AIzaSyAdNX5w10w62U409INArUAzMEUk1ElHNO8\",\"authDomain\":\"blue-trip.firebaseapp.com\",\"messagingSenderId\":\"546185706998\"},\"_authTokenSyncURL\":\"/__session\"}","FIREBASE_CONFIG":"{\"projectId\":\"blue-trip\",\"storageBucket\":\"blue-trip.firebasestorage.app\"}","GCLOUD_PROJECT":"blue-trip","EVENTARC_CLOUD_EVENT_SOURCE":"projects/blue-trip/locations/europe-west1/services/ssrbluetrip","FUNCTION_TARGET":"ssrbluetrip","LOG_EXECUTION_ID":"true"},"ingressSettings":"ALLOW_ALL","uri":"https://ssrbluetrip-mzn56km3pq-ew.a.run.app","serviceAccountEmail":"546185706998-compute@developer.gserviceaccount.com","availableMemory":"256Mi","allTrafficOnLatestRevision":true,"revision":"ssrbluetrip-00009-mum","maxInstanceRequestConcurrency":80,"availableCpu":"1"},"state":"ACTIVE","labels":{"deployment-tool":"cli-firebase","firebase-functions-codebase":"firebase-frameworks-blue-trip","firebase-functions-hash":"f94c711640ba686a4a0a97c760ecc87be32c305f"},"environment":"GEN_2","url":"https://europe-west1-blue-trip.cloudfunctions.net/ssrbluetrip","satisfiesPzi":true},"stages":[{"name":"BUILD","message":"Build in progress","state":"IN_PROGRESS","resource":"projects/546185706998/locations/europe-west1/builds/1143cb7d-c313-4e72-beba-948a03a254e7","resourceUri":"https://console.cloud.google.com/cloud-build/builds;region=europe-west1/1143cb7d-c313-4e72-beba-948a03a254e7?project=546185706998"},{"name":"SERVICE","state":"NOT_STARTED"}],"operationType":"UPDATE_FUNCTION","buildName":"projects/546185706998/locations/europe-west1/builds/1143cb7d-c313-4e72-beba-948a03a254e7"},"done":false}
[debug] [2025-09-05T19:28:06.508Z] [update-firebase-frameworks-blue-trip-europe-west1-ssrbluetrip] Retrying task index 0
[debug] [2025-09-05T19:28:06.508Z] Checked if tokens are valid: true, expires at: 1757102594543
[debug] [2025-09-05T19:28:06.508Z] Checked if tokens are valid: true, expires at: 1757102594543
[debug] [2025-09-05T19:28:06.509Z] >>> [apiv2][query] GET https://cloudfunctions.googleapis.com/v2/projects/blue-trip/locations/europe-west1/operations/operation-1757100468894-63e12d5487b01-d82fb4dc-4e62afd2 [none]
[debug] [2025-09-05T19:28:06.843Z] <<< [apiv2][status] GET https://cloudfunctions.googleapis.com/v2/projects/blue-trip/locations/europe-west1/operations/operation-1757100468894-63e12d5487b01-d82fb4dc-4e62afd2 200
[debug] [2025-09-05T19:28:06.843Z] <<< [apiv2][body] GET https://cloudfunctions.googleapis.com/v2/projects/blue-trip/locations/europe-west1/operations/operation-1757100468894-63e12d5487b01-d82fb4dc-4e62afd2 {"name":"projects/blue-trip/locations/europe-west1/operations/operation-1757100468894-63e12d5487b01-d82fb4dc-4e62afd2","metadata":{"@type":"type.googleapis.com/google.cloud.functions.v2.OperationMetadata","createTime":"2025-09-05T19:27:49.954945938Z","target":"projects/blue-trip/locations/europe-west1/functions/ssrbluetrip","verb":"update","cancelRequested":false,"apiVersion":"v2","requestResource":{"@type":"type.googleapis.com/google.cloud.functions.v2.Function","name":"projects/blue-trip/locations/europe-west1/functions/ssrbluetrip","buildConfig":{"runtime":"nodejs20","entryPoint":"ssrbluetrip","source":{"storageSource":{"bucket":"gcf-v2-sources-546185706998-europe-west1","object":"ssrbluetrip/function-source.zip","generation":"1757100469912646"}},"environmentVariables":{"GOOGLE_NODE_RUN_SCRIPTS":""},"dockerRepository":"projects/blue-trip/locations/europe-west1/repositories/gcf-artifacts","sourceProvenance":{"resolvedStorageSource":{"bucket":"gcf-v2-sources-546185706998-europe-west1","object":"ssrbluetrip/function-source.zip","generation":"1757100117889654"}},"dockerRegistry":"ARTIFACT_REGISTRY","serviceAccount":"projects/blue-trip/serviceAccounts/546185706998-compute@developer.gserviceaccount.com","automaticUpdatePolicy":{}},"serviceConfig":{"service":"projects/blue-trip/locations/europe-west1/services/ssrbluetrip","timeoutSeconds":60,"environmentVariables":{"__FIREBASE_FRAMEWORKS_ENTRY__":"sveltekit","__FIREBASE_DEFAULTS__":"{\"config\":{\"projectId\":\"blue-trip\",\"storageBucket\":\"blue-trip.firebasestorage.app\",\"apiKey\":\"AIzaSyAdNX5w10w62U409INArUAzMEUk1ElHNO8\",\"authDomain\":\"blue-trip.firebaseapp.com\",\"messagingSenderId\":\"546185706998\"},\"_authTokenSyncURL\":\"/__session\"}","FIREBASE_CONFIG":"{\"projectId\":\"blue-trip\",\"storageBucket\":\"blue-trip.firebasestorage.app\"}","GCLOUD_PROJECT":"blue-trip","EVENTARC_CLOUD_EVENT_SOURCE":"projects/blue-trip/locations/europe-west1/services/ssrbluetrip","FUNCTION_TARGET":"ssrbluetrip","LOG_EXECUTION_ID":"true"},"ingressSettings":"ALLOW_ALL","uri":"https://ssrbluetrip-mzn56km3pq-ew.a.run.app","serviceAccountEmail":"546185706998-compute@developer.gserviceaccount.com","availableMemory":"256Mi","allTrafficOnLatestRevision":true,"revision":"ssrbluetrip-00009-mum","maxInstanceRequestConcurrency":80,"availableCpu":"1"},"state":"ACTIVE","labels":{"deployment-tool":"cli-firebase","firebase-functions-codebase":"firebase-frameworks-blue-trip","firebase-functions-hash":"f94c711640ba686a4a0a97c760ecc87be32c305f"},"environment":"GEN_2","url":"https://europe-west1-blue-trip.cloudfunctions.net/ssrbluetrip","satisfiesPzi":true},"stages":[{"name":"BUILD","message":"Build in progress","state":"IN_PROGRESS","resource":"projects/546185706998/locations/europe-west1/builds/1143cb7d-c313-4e72-beba-948a03a254e7","resourceUri":"https://console.cloud.google.com/cloud-build/builds;region=europe-west1/1143cb7d-c313-4e72-beba-948a03a254e7?project=546185706998"},{"name":"SERVICE","state":"NOT_STARTED"}],"operationType":"UPDATE_FUNCTION","buildName":"projects/546185706998/locations/europe-west1/builds/1143cb7d-c313-4e72-beba-948a03a254e7"},"done":false}
[debug] [2025-09-05T19:28:16.843Z] [update-firebase-frameworks-blue-trip-europe-west1-ssrbluetrip] Retrying task index 0
[debug] [2025-09-05T19:28:16.843Z] Checked if tokens are valid: true, expires at: 1757102594543
[debug] [2025-09-05T19:28:16.844Z] Checked if tokens are valid: true, expires at: 1757102594543
[debug] [2025-09-05T19:28:16.844Z] >>> [apiv2][query] GET https://cloudfunctions.googleapis.com/v2/projects/blue-trip/locations/europe-west1/operations/operation-1757100468894-63e12d5487b01-d82fb4dc-4e62afd2 [none]
[debug] [2025-09-05T19:28:17.130Z] <<< [apiv2][status] GET https://cloudfunctions.googleapis.com/v2/projects/blue-trip/locations/europe-west1/operations/operation-1757100468894-63e12d5487b01-d82fb4dc-4e62afd2 200
[debug] [2025-09-05T19:28:17.130Z] <<< [apiv2][body] GET https://cloudfunctions.googleapis.com/v2/projects/blue-trip/locations/europe-west1/operations/operation-1757100468894-63e12d5487b01-d82fb4dc-4e62afd2 {"name":"projects/blue-trip/locations/europe-west1/operations/operation-1757100468894-63e12d5487b01-d82fb4dc-4e62afd2","metadata":{"@type":"type.googleapis.com/google.cloud.functions.v2.OperationMetadata","createTime":"2025-09-05T19:27:49.954945938Z","target":"projects/blue-trip/locations/europe-west1/functions/ssrbluetrip","verb":"update","cancelRequested":false,"apiVersion":"v2","requestResource":{"@type":"type.googleapis.com/google.cloud.functions.v2.Function","name":"projects/blue-trip/locations/europe-west1/functions/ssrbluetrip","buildConfig":{"runtime":"nodejs20","entryPoint":"ssrbluetrip","source":{"storageSource":{"bucket":"gcf-v2-sources-546185706998-europe-west1","object":"ssrbluetrip/function-source.zip","generation":"1757100469912646"}},"environmentVariables":{"GOOGLE_NODE_RUN_SCRIPTS":""},"dockerRepository":"projects/blue-trip/locations/europe-west1/repositories/gcf-artifacts","sourceProvenance":{"resolvedStorageSource":{"bucket":"gcf-v2-sources-546185706998-europe-west1","object":"ssrbluetrip/function-source.zip","generation":"1757100117889654"}},"dockerRegistry":"ARTIFACT_REGISTRY","serviceAccount":"projects/blue-trip/serviceAccounts/546185706998-compute@developer.gserviceaccount.com","automaticUpdatePolicy":{}},"serviceConfig":{"service":"projects/blue-trip/locations/europe-west1/services/ssrbluetrip","timeoutSeconds":60,"environmentVariables":{"__FIREBASE_FRAMEWORKS_ENTRY__":"sveltekit","__FIREBASE_DEFAULTS__":"{\"config\":{\"projectId\":\"blue-trip\",\"storageBucket\":\"blue-trip.firebasestorage.app\",\"apiKey\":\"AIzaSyAdNX5w10w62U409INArUAzMEUk1ElHNO8\",\"authDomain\":\"blue-trip.firebaseapp.com\",\"messagingSenderId\":\"546185706998\"},\"_authTokenSyncURL\":\"/__session\"}","FIREBASE_CONFIG":"{\"projectId\":\"blue-trip\",\"storageBucket\":\"blue-trip.firebasestorage.app\"}","GCLOUD_PROJECT":"blue-trip","EVENTARC_CLOUD_EVENT_SOURCE":"projects/blue-trip/locations/europe-west1/services/ssrbluetrip","FUNCTION_TARGET":"ssrbluetrip","LOG_EXECUTION_ID":"true"},"ingressSettings":"ALLOW_ALL","uri":"https://ssrbluetrip-mzn56km3pq-ew.a.run.app","serviceAccountEmail":"546185706998-compute@developer.gserviceaccount.com","availableMemory":"256Mi","allTrafficOnLatestRevision":true,"revision":"ssrbluetrip-00009-mum","maxInstanceRequestConcurrency":80,"availableCpu":"1"},"state":"ACTIVE","labels":{"deployment-tool":"cli-firebase","firebase-functions-codebase":"firebase-frameworks-blue-trip","firebase-functions-hash":"f94c711640ba686a4a0a97c760ecc87be32c305f"},"environment":"GEN_2","url":"https://europe-west1-blue-trip.cloudfunctions.net/ssrbluetrip","satisfiesPzi":true},"stages":[{"name":"BUILD","message":"Build in progress","state":"IN_PROGRESS","resource":"projects/546185706998/locations/europe-west1/builds/1143cb7d-c313-4e72-beba-948a03a254e7","resourceUri":"https://console.cloud.google.com/cloud-build/builds;region=europe-west1/1143cb7d-c313-4e72-beba-948a03a254e7?project=546185706998"},{"name":"SERVICE","state":"NOT_STARTED"}],"operationType":"UPDATE_FUNCTION","buildName":"projects/546185706998/locations/europe-west1/builds/1143cb7d-c313-4e72-beba-948a03a254e7"},"done":false}
[debug] [2025-09-05T19:28:27.132Z] [update-firebase-frameworks-blue-trip-europe-west1-ssrbluetrip] Retrying task index 0
[debug] [2025-09-05T19:28:27.132Z] Checked if tokens are valid: true, expires at: 1757102594543
[debug] [2025-09-05T19:28:27.132Z] Checked if tokens are valid: true, expires at: 1757102594543
[debug] [2025-09-05T19:28:27.133Z] >>> [apiv2][query] GET https://cloudfunctions.googleapis.com/v2/projects/blue-trip/locations/europe-west1/operations/operation-1757100468894-63e12d5487b01-d82fb4dc-4e62afd2 [none]
[debug] [2025-09-05T19:28:27.412Z] <<< [apiv2][status] GET https://cloudfunctions.googleapis.com/v2/projects/blue-trip/locations/europe-west1/operations/operation-1757100468894-63e12d5487b01-d82fb4dc-4e62afd2 200
[debug] [2025-09-05T19:28:27.412Z] <<< [apiv2][body] GET https://cloudfunctions.googleapis.com/v2/projects/blue-trip/locations/europe-west1/operations/operation-1757100468894-63e12d5487b01-d82fb4dc-4e62afd2 {"name":"projects/blue-trip/locations/europe-west1/operations/operation-1757100468894-63e12d5487b01-d82fb4dc-4e62afd2","metadata":{"@type":"type.googleapis.com/google.cloud.functions.v2.OperationMetadata","createTime":"2025-09-05T19:27:49.954945938Z","target":"projects/blue-trip/locations/europe-west1/functions/ssrbluetrip","verb":"update","cancelRequested":false,"apiVersion":"v2","requestResource":{"@type":"type.googleapis.com/google.cloud.functions.v2.Function","name":"projects/blue-trip/locations/europe-west1/functions/ssrbluetrip","buildConfig":{"runtime":"nodejs20","entryPoint":"ssrbluetrip","source":{"storageSource":{"bucket":"gcf-v2-sources-546185706998-europe-west1","object":"ssrbluetrip/function-source.zip","generation":"1757100469912646"}},"environmentVariables":{"GOOGLE_NODE_RUN_SCRIPTS":""},"dockerRepository":"projects/blue-trip/locations/europe-west1/repositories/gcf-artifacts","sourceProvenance":{"resolvedStorageSource":{"bucket":"gcf-v2-sources-546185706998-europe-west1","object":"ssrbluetrip/function-source.zip","generation":"1757100117889654"}},"dockerRegistry":"ARTIFACT_REGISTRY","serviceAccount":"projects/blue-trip/serviceAccounts/546185706998-compute@developer.gserviceaccount.com","automaticUpdatePolicy":{}},"serviceConfig":{"service":"projects/blue-trip/locations/europe-west1/services/ssrbluetrip","timeoutSeconds":60,"environmentVariables":{"__FIREBASE_FRAMEWORKS_ENTRY__":"sveltekit","__FIREBASE_DEFAULTS__":"{\"config\":{\"projectId\":\"blue-trip\",\"storageBucket\":\"blue-trip.firebasestorage.app\",\"apiKey\":\"AIzaSyAdNX5w10w62U409INArUAzMEUk1ElHNO8\",\"authDomain\":\"blue-trip.firebaseapp.com\",\"messagingSenderId\":\"546185706998\"},\"_authTokenSyncURL\":\"/__session\"}","FIREBASE_CONFIG":"{\"projectId\":\"blue-trip\",\"storageBucket\":\"blue-trip.firebasestorage.app\"}","GCLOUD_PROJECT":"blue-trip","EVENTARC_CLOUD_EVENT_SOURCE":"projects/blue-trip/locations/europe-west1/services/ssrbluetrip","FUNCTION_TARGET":"ssrbluetrip","LOG_EXECUTION_ID":"true"},"ingressSettings":"ALLOW_ALL","uri":"https://ssrbluetrip-mzn56km3pq-ew.a.run.app","serviceAccountEmail":"546185706998-compute@developer.gserviceaccount.com","availableMemory":"256Mi","allTrafficOnLatestRevision":true,"revision":"ssrbluetrip-00009-mum","maxInstanceRequestConcurrency":80,"availableCpu":"1"},"state":"ACTIVE","labels":{"deployment-tool":"cli-firebase","firebase-functions-codebase":"firebase-frameworks-blue-trip","firebase-functions-hash":"f94c711640ba686a4a0a97c760ecc87be32c305f"},"environment":"GEN_2","url":"https://europe-west1-blue-trip.cloudfunctions.net/ssrbluetrip","satisfiesPzi":true},"stages":[{"name":"BUILD","message":"Build in progress","state":"IN_PROGRESS","resource":"projects/546185706998/locations/europe-west1/builds/1143cb7d-c313-4e72-beba-948a03a254e7","resourceUri":"https://console.cloud.google.com/cloud-build/builds;region=europe-west1/1143cb7d-c313-4e72-beba-948a03a254e7?project=546185706998"},{"name":"SERVICE","state":"NOT_STARTED"}],"operationType":"UPDATE_FUNCTION","buildName":"projects/546185706998/locations/europe-west1/builds/1143cb7d-c313-4e72-beba-948a03a254e7"},"done":false}
[debug] [2025-09-05T19:28:37.414Z] [update-firebase-frameworks-blue-trip-europe-west1-ssrbluetrip] Retrying task index 0
[debug] [2025-09-05T19:28:37.415Z] Checked if tokens are valid: true, expires at: 1757102594543
[debug] [2025-09-05T19:28:37.415Z] Checked if tokens are valid: true, expires at: 1757102594543
[debug] [2025-09-05T19:28:37.416Z] >>> [apiv2][query] GET https://cloudfunctions.googleapis.com/v2/projects/blue-trip/locations/europe-west1/operations/operation-1757100468894-63e12d5487b01-d82fb4dc-4e62afd2 [none]
[debug] [2025-09-05T19:28:37.723Z] <<< [apiv2][status] GET https://cloudfunctions.googleapis.com/v2/projects/blue-trip/locations/europe-west1/operations/operation-1757100468894-63e12d5487b01-d82fb4dc-4e62afd2 200
[debug] [2025-09-05T19:28:37.723Z] <<< [apiv2][body] GET https://cloudfunctions.googleapis.com/v2/projects/blue-trip/locations/europe-west1/operations/operation-1757100468894-63e12d5487b01-d82fb4dc-4e62afd2 {"name":"projects/blue-trip/locations/europe-west1/operations/operation-1757100468894-63e12d5487b01-d82fb4dc-4e62afd2","metadata":{"@type":"type.googleapis.com/google.cloud.functions.v2.OperationMetadata","createTime":"2025-09-05T19:27:49.954945938Z","target":"projects/blue-trip/locations/europe-west1/functions/ssrbluetrip","verb":"update","cancelRequested":false,"apiVersion":"v2","requestResource":{"@type":"type.googleapis.com/google.cloud.functions.v2.Function","name":"projects/blue-trip/locations/europe-west1/functions/ssrbluetrip","buildConfig":{"runtime":"nodejs20","entryPoint":"ssrbluetrip","source":{"storageSource":{"bucket":"gcf-v2-sources-546185706998-europe-west1","object":"ssrbluetrip/function-source.zip","generation":"1757100469912646"}},"environmentVariables":{"GOOGLE_NODE_RUN_SCRIPTS":""},"dockerRepository":"projects/blue-trip/locations/europe-west1/repositories/gcf-artifacts","sourceProvenance":{"resolvedStorageSource":{"bucket":"gcf-v2-sources-546185706998-europe-west1","object":"ssrbluetrip/function-source.zip","generation":"1757100117889654"}},"dockerRegistry":"ARTIFACT_REGISTRY","serviceAccount":"projects/blue-trip/serviceAccounts/546185706998-compute@developer.gserviceaccount.com","automaticUpdatePolicy":{}},"serviceConfig":{"service":"projects/blue-trip/locations/europe-west1/services/ssrbluetrip","timeoutSeconds":60,"environmentVariables":{"__FIREBASE_FRAMEWORKS_ENTRY__":"sveltekit","__FIREBASE_DEFAULTS__":"{\"config\":{\"projectId\":\"blue-trip\",\"storageBucket\":\"blue-trip.firebasestorage.app\",\"apiKey\":\"AIzaSyAdNX5w10w62U409INArUAzMEUk1ElHNO8\",\"authDomain\":\"blue-trip.firebaseapp.com\",\"messagingSenderId\":\"546185706998\"},\"_authTokenSyncURL\":\"/__session\"}","FIREBASE_CONFIG":"{\"projectId\":\"blue-trip\",\"storageBucket\":\"blue-trip.firebasestorage.app\"}","GCLOUD_PROJECT":"blue-trip","EVENTARC_CLOUD_EVENT_SOURCE":"projects/blue-trip/locations/europe-west1/services/ssrbluetrip","FUNCTION_TARGET":"ssrbluetrip","LOG_EXECUTION_ID":"true"},"ingressSettings":"ALLOW_ALL","uri":"https://ssrbluetrip-mzn56km3pq-ew.a.run.app","serviceAccountEmail":"546185706998-compute@developer.gserviceaccount.com","availableMemory":"256Mi","allTrafficOnLatestRevision":true,"revision":"ssrbluetrip-00009-mum","maxInstanceRequestConcurrency":80,"availableCpu":"1"},"state":"ACTIVE","labels":{"deployment-tool":"cli-firebase","firebase-functions-codebase":"firebase-frameworks-blue-trip","firebase-functions-hash":"f94c711640ba686a4a0a97c760ecc87be32c305f"},"environment":"GEN_2","url":"https://europe-west1-blue-trip.cloudfunctions.net/ssrbluetrip","satisfiesPzi":true},"stages":[{"name":"BUILD","message":"Build in progress","state":"IN_PROGRESS","resource":"projects/546185706998/locations/europe-west1/builds/1143cb7d-c313-4e72-beba-948a03a254e7","resourceUri":"https://console.cloud.google.com/cloud-build/builds;region=europe-west1/1143cb7d-c313-4e72-beba-948a03a254e7?project=546185706998"},{"name":"SERVICE","state":"NOT_STARTED"}],"operationType":"UPDATE_FUNCTION","buildName":"projects/546185706998/locations/europe-west1/builds/1143cb7d-c313-4e72-beba-948a03a254e7"},"done":false}
